Component: ARM Compiler 5.06 update 6 (build 750) Tool: armlink [4d35ed]

==============================================================================

Section Cross References

    startup_stm32f10x_md.o(STACK) refers (Special) to heapauxi.o(.text) for __use_two_region_memory
    startup_stm32f10x_md.o(HEAP) refers (Special) to heapauxi.o(.text) for __use_two_region_memory
    startup_stm32f10x_md.o(RESET) refers (Special) to heapauxi.o(.text) for __use_two_region_memory
    startup_stm32f10x_md.o(RESET) refers to startup_stm32f10x_md.o(STACK) for __initial_sp
    startup_stm32f10x_md.o(RESET) refers to startup_stm32f10x_md.o(.text) for Reset_Handler
    startup_stm32f10x_md.o(RESET) refers to stm32f10x_it.o(i.NMI_Handler) for NMI_Handler
    startup_stm32f10x_md.o(RESET) refers to stm32f10x_it.o(i.HardFault_Handler) for HardFault_Handler
    startup_stm32f10x_md.o(RESET) refers to stm32f10x_it.o(i.MemManage_Handler) for MemManage_Handler
    startup_stm32f10x_md.o(RESET) refers to stm32f10x_it.o(i.BusFault_Handler) for BusFault_Handler
    startup_stm32f10x_md.o(RESET) refers to stm32f10x_it.o(i.UsageFault_Handler) for UsageFault_Handler
    startup_stm32f10x_md.o(RESET) refers to stm32f10x_it.o(i.SVC_Handler) for SVC_Handler
    startup_stm32f10x_md.o(RESET) refers to stm32f10x_it.o(i.DebugMon_Handler) for DebugMon_Handler
    startup_stm32f10x_md.o(RESET) refers to stm32f10x_it.o(i.PendSV_Handler) for PendSV_Handler
    startup_stm32f10x_md.o(RESET) refers to stm32f10x_it.o(i.SysTick_Handler) for SysTick_Handler
    startup_stm32f10x_md.o(RESET) refers to usart2.o(i.USART1_IRQHandler) for USART1_IRQHandler
    startup_stm32f10x_md.o(.text) refers (Special) to heapauxi.o(.text) for __use_two_region_memory
    startup_stm32f10x_md.o(.text) refers to system_stm32f10x.o(i.SystemInit) for SystemInit
    startup_stm32f10x_md.o(.text) refers to __main.o(!!!main) for __main
    startup_stm32f10x_md.o(.text) refers to startup_stm32f10x_md.o(HEAP) for Heap_Mem
    startup_stm32f10x_md.o(.text) refers to startup_stm32f10x_md.o(STACK) for Stack_Mem
    system_stm32f10x.o(i.SetSysClock) refers to system_stm32f10x.o(i.SetSysClockTo72) for SetSysClockTo72
    system_stm32f10x.o(i.SystemCoreClockUpdate) refers to system_stm32f10x.o(.data) for SystemCoreClock
    system_stm32f10x.o(i.SystemInit) refers to system_stm32f10x.o(i.SetSysClock) for SetSysClock
    stm32f10x_adc.o(i.ADC_DeInit) refers to stm32f10x_rcc.o(i.RCC_APB2PeriphResetCmd) for RCC_APB2PeriphResetCmd
    stm32f10x_bkp.o(i.BKP_DeInit) refers to stm32f10x_rcc.o(i.RCC_BackupResetCmd) for RCC_BackupResetCmd
    stm32f10x_can.o(i.CAN_DeInit) refers to stm32f10x_rcc.o(i.RCC_APB1PeriphResetCmd) for RCC_APB1PeriphResetCmd
    stm32f10x_can.o(i.CAN_GetITStatus) refers to stm32f10x_can.o(i.CheckITStatus) for CheckITStatus
    stm32f10x_cec.o(i.CEC_DeInit) refers to stm32f10x_rcc.o(i.RCC_APB1PeriphResetCmd) for RCC_APB1PeriphResetCmd
    stm32f10x_dac.o(i.DAC_DeInit) refers to stm32f10x_rcc.o(i.RCC_APB1PeriphResetCmd) for RCC_APB1PeriphResetCmd
    stm32f10x_flash.o(i.FLASH_EnableWriteProtection) refers to stm32f10x_flash.o(i.FLASH_WaitForLastOperation) for FLASH_WaitForLastOperation
    stm32f10x_flash.o(i.FLASH_EraseAllBank1Pages) refers to stm32f10x_flash.o(i.FLASH_WaitForLastBank1Operation) for FLASH_WaitForLastBank1Operation
    stm32f10x_flash.o(i.FLASH_EraseAllPages) refers to stm32f10x_flash.o(i.FLASH_WaitForLastOperation) for FLASH_WaitForLastOperation
    stm32f10x_flash.o(i.FLASH_EraseOptionBytes) refers to stm32f10x_flash.o(i.FLASH_GetReadOutProtectionStatus) for FLASH_GetReadOutProtectionStatus
    stm32f10x_flash.o(i.FLASH_EraseOptionBytes) refers to stm32f10x_flash.o(i.FLASH_WaitForLastOperation) for FLASH_WaitForLastOperation
    stm32f10x_flash.o(i.FLASH_ErasePage) refers to stm32f10x_flash.o(i.FLASH_WaitForLastOperation) for FLASH_WaitForLastOperation
    stm32f10x_flash.o(i.FLASH_ProgramHalfWord) refers to stm32f10x_flash.o(i.FLASH_WaitForLastOperation) for FLASH_WaitForLastOperation
    stm32f10x_flash.o(i.FLASH_ProgramOptionByteData) refers to stm32f10x_flash.o(i.FLASH_WaitForLastOperation) for FLASH_WaitForLastOperation
    stm32f10x_flash.o(i.FLASH_ProgramWord) refers to stm32f10x_flash.o(i.FLASH_WaitForLastOperation) for FLASH_WaitForLastOperation
    stm32f10x_flash.o(i.FLASH_ReadOutProtection) refers to stm32f10x_flash.o(i.FLASH_WaitForLastOperation) for FLASH_WaitForLastOperation
    stm32f10x_flash.o(i.FLASH_UserOptionByteConfig) refers to stm32f10x_flash.o(i.FLASH_WaitForLastOperation) for FLASH_WaitForLastOperation
    stm32f10x_flash.o(i.FLASH_WaitForLastBank1Operation) refers to stm32f10x_flash.o(i.FLASH_GetBank1Status) for FLASH_GetBank1Status
    stm32f10x_flash.o(i.FLASH_WaitForLastOperation) refers to stm32f10x_flash.o(i.FLASH_GetBank1Status) for FLASH_GetBank1Status
    stm32f10x_gpio.o(i.GPIO_AFIODeInit) refers to stm32f10x_rcc.o(i.RCC_APB2PeriphResetCmd) for RCC_APB2PeriphResetCmd
[...]
    .ARM.Collect$$libshutdown$$0000000C      0x080001c6   Section        0  libshutdown2.o(.ARM.Collect$$libshutdown$$0000000C)
    .ARM.Collect$$libshutdown$$0000000F      0x080001c6   Section        0  libshutdown2.o(.ARM.Collect$$libshutdown$$0000000F)
    .ARM.Collect$$libshutdown$$00000010      0x080001c6   Section        2  libshutdown2.o(.ARM.Collect$$libshutdown$$00000010)
    .ARM.Collect$$rtentry$$00000000          0x080001c8   Section        0  __rtentry.o(.ARM.Collect$$rtentry$$00000000)
    .ARM.Collect$$rtentry$$00000002          0x080001c8   Section        0  __rtentry2.o(.ARM.Collect$$rtentry$$00000002)
    .ARM.Collect$$rtentry$$00000004          0x080001c8   Section        6  __rtentry4.o(.ARM.Collect$$rtentry$$00000004)
    .ARM.Collect$$rtentry$$00000009          0x080001ce   Section        0  __rtentry2.o(.ARM.Collect$$rtentry$$00000009)
    .ARM.Collect$$rtentry$$0000000A          0x080001ce   Section        4  __rtentry2.o(.ARM.Collect$$rtentry$$0000000A)
    .ARM.Collect$$rtentry$$0000000C          0x080001d2   Section        0  __rtentry2.o(.ARM.Collect$$rtentry$$0000000C)
    .ARM.Collect$$rtentry$$0000000D          0x080001d2   Section        8  __rtentry2.o(.ARM.Collect$$rtentry$$0000000D)
    .ARM.Collect$$rtexit$$00000000           0x080001da   Section        2  rtexit.o(.ARM.Collect$$rtexit$$00000000)
    .ARM.Collect$$rtexit$$00000002           0x080001dc   Section        0  rtexit2.o(.ARM.Collect$$rtexit$$00000002)
    .ARM.Collect$$rtexit$$00000003           0x080001dc   Section        4  rtexit2.o(.ARM.Collect$$rtexit$$00000003)
    .ARM.Collect$$rtexit$$00000004           0x080001e0   Section        6  rtexit2.o(.ARM.Collect$$rtexit$$00000004)
    .text                                    0x080001e8   Section       64  startup_stm32f10x_md.o(.text)
    .text                                    0x08000228   Section        2  use_no_semi_2.o(.text)
    .text                                    0x0800022c   Section        0  noretval__2printf.o(.text)
    .text                                    0x08000244   Section        0  noretval__2sprintf.o(.text)
    .text                                    0x0800026c   Section        0  _printf_dec.o(.text)
    .text                                    0x080002e4   Section        0  __printf_wp.o(.text)
    .text                                    0x080003f2   Section        0  strchr.o(.text)
    .text                                    0x08000406   Section        0  strstr.o(.text)
    .text                                    0x0800042a   Section        0  heapauxi.o(.text)
    .text                                    0x08000430   Section        2  use_no_semi.o(.text)
    .text                                    0x08000432   Section        0  _printf_intcommon.o(.text)
    .text                                    0x080004e4   Section        0  _printf_fp_dec.o(.text)
    _fp_digits                               0x080004e7   Thumb Code   432  _printf_fp_dec.o(.text)
    .text                                    0x08000904   Section        0  _printf_char_common.o(.text)
    _printf_input_char                       0x08000905   Thumb Code    10  _printf_char_common.o(.text)
    .text                                    0x08000934   Section        0  _sputc.o(.text)
    .text                                    0x08000940   Section        0  _printf_char_file.o(.text)
    .text                                    0x08000964   Section        8  rt_locale_intlibspace.o(.text)
    .text                                    0x0800096c   Section      138  lludiv10.o(.text)
    .text                                    0x080009f8   Section        0  _printf_fp_infnan.o(.text)
    .text                                    0x08000a78   Section        0  bigflt0.o(.text)
    .text                                    0x08000b5c   Section        0  ferror.o(.text)
    .text                                    0x08000b64   Section        8  libspace.o(.text)
    .text                                    0x08000b6c   Section       74  sys_stackheap_outer.o(.text)
    .text                                    0x08000bb6   Section        0  exit.o(.text)
    .text                                    0x08000bc8   Section      128  strcmpv7m.o(.text)
    CL$$btod_d2e                             0x08000c48   Section       62  btod.o(CL$$btod_d2e)
    CL$$btod_d2e_denorm_low                  0x08000c86   Section       70  btod.o(CL$$btod_d2e_denorm_low)
    CL$$btod_d2e_norm_op1                    0x08000ccc   Section       96  btod.o(CL$$btod_d2e_norm_op1)
    CL$$btod_div_common                      0x08000d2c   Section      824  btod.o(CL$$btod_div_common)
    CL$$btod_e2e                             0x08001064   Section      220  btod.o(CL$$btod_e2e)
    CL$$btod_ediv                            0x08001140   Section       42  btod.o(CL$$btod_ediv)
    CL$$btod_emul                            0x0800116a   Section       42  btod.o(CL$$btod_emul)
    CL$$btod_mult_common                     0x08001194   Section      580  btod.o(CL$$btod_mult_common)
    i.ADC_Cmd                                0x080013d8   Section        0  stm32f10x_adc.o(i.ADC_Cmd)
    i.ADC_DeInit                             0x080013f0   Section        0  stm32f10x_adc.o(i.ADC_DeInit)
    i.ADC_GetCalibrationStatus               0x0800144c   Section        0  stm32f10x_adc.o(i.ADC_GetCalibrationStatus)
    i.ADC_GetConversionValue                 0x08001460   Section        0  stm32f10x_adc.o(i.ADC_GetConversionValue)
    i.ADC_GetFlagStatus                      0x08001468   Section        0  stm32f10x_adc.o(i.ADC_GetFlagStatus)
    i.ADC_GetResetCalibrationStatus          0x0800147a   Section        0  stm32f10x_adc.o(i.ADC_GetResetCalibrationStatus)
    i.ADC_Init                               0x08001490   Section        0  stm32f10x_adc.o(i.ADC_Init)
    i.ADC_RegularChannelConfig               0x080014e0   Section        0  stm32f10x_adc.o(i.ADC_RegularChannelConfig)
    i.ADC_ResetCalibration                   0x08001598   Section        0  stm32f10x_adc.o(i.ADC_ResetCalibration)
    i.ADC_SoftwareStartConvCmd               0x080015a2   Section        0  stm32f10x_adc.o(i.ADC_SoftwareStartConvCmd)
    i.ADC_StartCalibration                   0x080015b8   Section        0  stm32f10x_adc.o(i.ADC_StartCalibration)
    i.Adc_Init                               0x080015c4   Section        0  adc.o(i.Adc_Init)
    i.BCD_DEC                                0x08001664   Section        0  ds1302.o(i.BCD_DEC)
    i.BusFault_Handler                       0x0800168a   Section        0  stm32f10x_it.o(i.BusFault_Handler)
    i.Clear_Buffer                           0x08001690   Section        0  main.o(i.Clear_Buffer)
    i.DEC_BCD                                0x080016b4   Section        0  ds1302.o(i.DEC_BCD)
    i.DS1302_Burst_Read                      0x080016d0   Section        0  ds1302.o(i.DS1302_Burst_Read)
    i.DS1302_Burst_Write                     0x08001710   Section        0  ds1302.o(i.DS1302_Burst_Write)
    i.DS1302_Clear_WP                        0x08001750   Section        0  ds1302.o(i.DS1302_Clear_WP)
    i.DS1302_R_Byte                          0x0800175c   Section        0  ds1302.o(i.DS1302_R_Byte)
    i.DS1302_R_DAT                           0x080017c8   Section        0  ds1302.o(i.DS1302_R_DAT)
    i.DS1302_Set_WP                          0x0800182c   Section        0  ds1302.o(i.DS1302_Set_WP)
    i.DS1302_W_Byte                          0x0800184c   Section        0  ds1302.o(i.DS1302_W_Byte)
    i.DS1302_W_DAT                           0x080018c0   Section        0  ds1302.o(i.DS1302_W_DAT)
    i.DebugMon_Handler                       0x08001904   Section        0  stm32f10x_it.o(i.DebugMon_Handler)
    i.DelayS                                 0x08001906   Section        0  delay.o(i.DelayS)
    i.GB16_NUM                               0x08001920   Section        0  oled_iic.o(i.GB16_NUM)
    i.GPIO_Init                              0x08001938   Section        0  stm32f10x_gpio.o(i.GPIO_Init)
    i.GPIO_ReadInputDataBit                  0x08001a4e   Section        0  stm32f10x_gpio.o(i.GPIO_ReadInputDataBit)
    i.GPIO_ResetBits                         0x08001a60   Section        0  stm32f10x_gpio.o(i.GPIO_ResetBits)
    i.GPIO_SetBits                           0x08001a64   Section        0  stm32f10x_gpio.o(i.GPIO_SetBits)
    i.GetPower                               0x08001a68   Section        0  ina226.o(i.GetPower)
    i.GetRealTime                            0x08001ad4   Section        0  ds1302.o(i.GetRealTime)
    i.GetVoltage                             0x08001b10   Section        0  ina226.o(i.GetVoltage)
    i.Get_Adc                                0x08001b54   Section        0  adc.o(i.Get_Adc)
    i.Get_Shunt_Current                      0x08001b88   Section        0  ina226.o(i.Get_Shunt_Current)
    i.Get_Shunt_voltage                      0x08001bc8   Section        0  ina226.o(i.Get_Shunt_voltage)
    i.HardFault_Handler                      0x08001be8   Section        0  stm32f10x_it.o(i.HardFault_Handler)
    i.IIC_Ack_226                            0x08001bec   Section        0  myiic.o(i.IIC_Ack_226)
    i.IIC_Delay                              0x08001c3c   Section        0  oled_iic.o(i.IIC_Delay)
    IIC_Delay                                0x08001c3d   Thumb Code    14  oled_iic.o(i.IIC_Delay)
    i.IIC_GPIO_Config                        0x08001c4c   Section        0  oled_iic.o(i.IIC_GPIO_Config)
    i.IIC_Init_226                           0x08001c88   Section        0  myiic.o(i.IIC_Init_226)
    i.IIC_NAck_226                           0x08001cc0   Section        0  myiic.o(i.IIC_NAck_226)
    i.IIC_Read_Byte_226                      0x08001d10   Section        0  myiic.o(i.IIC_Read_Byte_226)
    i.IIC_Send_Byte_226                      0x08001d80   Section        0  myiic.o(i.IIC_Send_Byte_226)
    i.IIC_Start                              0x08001de8   Section        0  oled_iic.o(i.IIC_Start)
    i.IIC_Start_226                          0x08001e1c   Section        0  myiic.o(i.IIC_Start_226)
    i.IIC_Stop                               0x08001e68   Section        0  oled_iic.o(i.IIC_Stop)
    i.IIC_Stop_226                           0x08001e8c   Section        0  myiic.o(i.IIC_Stop_226)
    i.IIC_WaitAck                            0x08001ed8   Section        0  oled_iic.o(i.IIC_WaitAck)
    i.IIC_Wait_Ack_226                       0x08001f1c   Section        0  myiic.o(i.IIC_Wait_Ack_226)
    i.INA226_GetShuntVoltage                 0x08001f80   Section        0  ina226.o(i.INA226_GetShuntVoltage)
    i.INA226_GetShunt_Current                0x08001fa6   Section        0  ina226.o(i.INA226_GetShunt_Current)
    i.INA226_GetVoltage                      0x08001fcc   Section        0  ina226.o(i.INA226_GetVoltage)
    i.INA226_Init                            0x08001fe6   Section        0  ina226.o(i.INA226_Init)
    i.INA226_ReadData                        0x0800200c   Section        0  ina226.o(i.INA226_ReadData)
    i.INA226_SendData                        0x08002042   Section        0  ina226.o(i.INA226_SendData)
    i.INA226_SetRegPointer                   0x08002086   Section        0  ina226.o(i.INA226_SetRegPointer)
    i.Init_DS1302                            0x080020ac   Section        0  ds1302.o(i.Init_DS1302)
    i.Key_Init                               0x080020fc   Section        0  key.o(i.Key_Init)
    i.Key_settime                            0x08002138   Section        0  main.o(i.Key_settime)
    i.LED_Init                               0x080023a0   Section        0  main.o(i.LED_Init)
    i.Lsens_Get_Val                          0x080023d8   Section        0  adc.o(i.Lsens_Get_Val)
    i.Lsens_Get_Val2                         0x08002410   Section        0  adc.o(i.Lsens_Get_Val2)
    i.M5310A_Init                            0x08002448   Section        0  main.o(i.M5310A_Init)
    i.MemManage_Handler                      0x080025e4   Section        0  stm32f10x_it.o(i.MemManage_Handler)
    i.NMI_Handler                            0x080025e8   Section        0  stm32f10x_it.o(i.NMI_Handler)
    i.NVIC_Init                              0x080025ec   Section        0  misc.o(i.NVIC_Init)
    i.NVIC_PriorityGroupConfig               0x0800265c   Section        0  misc.o(i.NVIC_PriorityGroupConfig)
    i.OLED_Clear                             0x08002670   Section        0  oled_iic.o(i.OLED_Clear)
    i.OLED_Fill                              0x0800267a   Section        0  oled_iic.o(i.OLED_Fill)
    i.OLED_Init                              0x080026b4   Section        0  oled_iic.o(i.OLED_Init)
    i.OLED_Set_Pos                           0x0800275e   Section        0  oled_iic.o(i.OLED_Set_Pos)
    i.OLED_ShowCH                            0x08002788   Section        0  oled_iic.o(i.OLED_ShowCH)
    i.OLED_ShowChar                          0x080028b8   Section        0  oled_iic.o(i.OLED_ShowChar)
    i.OLED_ShowNum                           0x08002924   Section        0  oled_iic.o(i.OLED_ShowNum)
    i.OLED_ShowNum_c                         0x080029ec   Section        0  oled_iic.o(i.OLED_ShowNum_c)
    i.OLED_clear_h                           0x08002a68   Section        0  oled_iic.o(i.OLED_clear_h)
    i.PendSV_Handler                         0x08002a90   Section        0  stm32f10x_it.o(i.PendSV_Handler)
    i.Post_data                              0x08002a94   Section        0  main.o(i.Post_data)
    i.RCC_ADCCLKConfig                       0x08002b94   Section        0  stm32f10x_rcc.o(i.RCC_ADCCLKConfig)
    i.RCC_APB1PeriphClockCmd                 0x08002bac   Section        0  stm32f10x_rcc.o(i.RCC_APB1PeriphClockCmd)
    i.RCC_APB2PeriphClockCmd                 0x08002bcc   Section        0  stm32f10x_rcc.o(i.RCC_APB2PeriphClockCmd)
    i.RCC_APB2PeriphResetCmd                 0x08002bec   Section        0  stm32f10x_rcc.o(i.RCC_APB2PeriphResetCmd)
    i.RCC_GetClocksFreq                      0x08002c0c   Section        0  stm32f10x_rcc.o(i.RCC_GetClocksFreq)
    i.SVC_Handler                            0x08002ce0   Section        0  stm32f10x_it.o(i.SVC_Handler)
    i.SetRealTime                            0x08002ce2   Section        0  ds1302.o(i.SetRealTime)
    i.SetSysClock                            0x08002d1e   Section        0  system_stm32f10x.o(i.SetSysClock)
    SetSysClock                              0x08002d1f   Thumb Code     8  system_stm32f10x.o(i.SetSysClock)
    i.SetSysClockTo72                        0x08002d28   Section        0  system_stm32f10x.o(i.SetSysClockTo72)
    SetSysClockTo72                          0x08002d29   Thumb Code   214  system_stm32f10x.o(i.SetSysClockTo72)
    i.Set_parameters                         0x08002e08   Section        0  main.o(i.Set_parameters)
    i.SysTick_CLKSourceConfig                0x08002fd4   Section        0  misc.o(i.SysTick_CLKSourceConfig)
    i.SysTick_Handler                        0x08002ffc   Section        0  stm32f10x_it.o(i.SysTick_Handler)
    i.SystemInit                             0x08003000   Section        0  system_stm32f10x.o(i.SystemInit)
    i.TIM3_PWM_Init                          0x08003060   Section        0  timer.o(i.TIM3_PWM_Init)
    i.TIM_ARRPreloadConfig                   0x080030f4   Section        0  stm32f10x_tim.o(i.TIM_ARRPreloadConfig)
    i.TIM_Cmd                                0x0800310c   Section        0  stm32f10x_tim.o(i.TIM_Cmd)
    i.TIM_OC1Init                            0x08003124   Section        0  stm32f10x_tim.o(i.TIM_OC1Init)
    i.TIM_OC1PreloadConfig                   0x080031bc   Section        0  stm32f10x_tim.o(i.TIM_OC1PreloadConfig)
    i.TIM_SetCompare1                        0x080031ce   Section        0  stm32f10x_tim.o(i.TIM_SetCompare1)
    i.TIM_TimeBaseInit                       0x080031d4   Section        0  stm32f10x_tim.o(i.TIM_TimeBaseInit)
    i.USART1_IRQHandler                      0x08003278   Section        0  usart2.o(i.USART1_IRQHandler)
    i.USART_Cmd                              0x0800333c   Section        0  stm32f10x_usart.o(i.USART_Cmd)
    i.USART_GetITStatus                      0x08003354   Section        0  stm32f10x_usart.o(i.USART_GetITStatus)
    i.USART_ITConfig                         0x080033a8   Section        0  stm32f10x_usart.o(i.USART_ITConfig)
    i.USART_Init                             0x080033f4   Section        0  stm32f10x_usart.o(i.USART_Init)
    i.USART_ReceiveData                      0x080034cc   Section        0  stm32f10x_usart.o(i.USART_ReceiveData)
    i.UsageFault_Handler                     0x080034d6   Section        0  stm32f10x_it.o(i.UsageFault_Handler)
    i.Write_IIC_Byte                         0x080034dc   Section        0  oled_iic.o(i.Write_IIC_Byte)
    i.Write_IIC_Command                      0x08003534   Section        0  oled_iic.o(i.Write_IIC_Command)
    i.Write_IIC_Data                         0x08003560   Section        0  oled_iic.o(i.Write_IIC_Data)
    i.__ARM_fpclassify                       0x0800358c   Section        0  fpclassify.o(i.__ARM_fpclassify)
    i._is_digit                              0x080035b4   Section        0  __printf_wp.o(i._is_digit)
    i._sys_exit                              0x080035c2   Section        0  usart2.o(i._sys_exit)
    i.delay_init                             0x080035c8   Section        0  delay.o(i.delay_init)
    i.delay_ms                               0x0800360c   Section        0  delay.o(i.delay_ms)
    i.delay_us                               0x08003658   Section        0  delay.o(i.delay_us)
    i.display_Set_parameters                 0x080036a4   Section        0  main.o(i.display_Set_parameters)
    i.fputc                                  0x08003764   Section        0  usart2.o(i.fputc)
    i.main                                   0x08003780   Section        0  main.o(i.main)
    i.network_init                           0x08003d98   Section        0  main.o(i.network_init)
    i.oled_pow                               0x08003e90   Section        0  oled_iic.o(i.oled_pow)
    i.uart1_init                             0x08003ea8   Section        0  usart2.o(i.uart1_init)
    locale$$code                             0x08003f48   Section       44  lc_numeric_c.o(locale$$code)
    x$fpl$dretinf                            0x08003f74   Section       12  dretinf.o(x$fpl$dretinf)
    x$fpl$f2d                                0x08003f80   Section       86  f2d.o(x$fpl$f2d)
    x$fpl$fcmpinf                            0x08003fd6   Section       24  fcmpi.o(x$fpl$fcmpinf)
    x$fpl$fdiv                               0x08003ff0   Section      388  fdiv.o(x$fpl$fdiv)
    _fdiv1                                   0x08003ff1   Thumb Code     0  fdiv.o(x$fpl$fdiv)
    x$fpl$ffltu                              0x08004174   Section       38  fflt_clz.o(x$fpl$ffltu)
    x$fpl$fleqf                              0x0800419c   Section      104  fleqf.o(x$fpl$fleqf)
    x$fpl$fmul                               0x08004204   Section      258  fmul.o(x$fpl$fmul)
    x$fpl$fnaninf                            0x08004306   Section      140  fnaninf.o(x$fpl$fnaninf)
    x$fpl$fretinf                            0x08004392   Section       10  fretinf.o(x$fpl$fretinf)
    x$fpl$printf1                            0x0800439c   Section        4  printf1.o(x$fpl$printf1)
    .constdata                               0x080043a0   Section        8  ds1302.o(.constdata)
    x$fpl$usenofp                            0x080043a0   Section        0  usenofp.o(x$fpl$usenofp)
    .constdata                               0x080043a8   Section      148  bigflt0.o(.constdata)
    tenpwrs_x                                0x080043a8   Data          60  bigflt0.o(.constdata)
    tenpwrs_i                                0x080043e4   Data          64  bigflt0.o(.constdata)
    locale$$data                             0x0800445c   Section       28  lc_numeric_c.o(locale$$data)
    __lcnum_c_name                           0x08004460   Data           2  lc_numeric_c.o(locale$$data)
    __lcnum_c_start                          0x08004468   Data           0  lc_numeric_c.o(locale$$data)
    __lcnum_c_point                          0x08004474   Data           0  lc_numeric_c.o(locale$$data)
    __lcnum_c_thousands                      0x08004476   Data           0  lc_numeric_c.o(locale$$data)
    __lcnum_c_grouping                       0x08004477   Data           0  lc_numeric_c.o(locale$$data)
    __lcnum_c_end                            0x08004478   Data           0  lc_numeric_c.o(locale$$data)
    .data                                    0x20000000   Section       20  system_stm32f10x.o(.data)
    .data                                    0x20000014   Section       20  stm32f10x_rcc.o(.data)
    APBAHBPrescTable                         0x20000014   Data          16  stm32f10x_rcc.o(.data)
    ADCPrescTable                            0x20000024   Data           4  stm32f10x_rcc.o(.data)
    .data                                    0x20000028   Section       65  main.o(.data)
    .data                                    0x2000006c   Section     3664  oled_iic.o(.data)
    .data                                    0x20000ebc   Section        9  usart2.o(.data)
    .data                                    0x20000ec6   Section        4  delay.o(.data)
    fac_us                                   0x20000ec6   Data           1  delay.o(.data)
    fac_ms                                   0x20000ec8   Data           2  delay.o(.data)
    .bss                                     0x20000ecc   Section       20  main.o(.bss)
    .bss                                     0x20000ee0   Section      500  usart2.o(.bss)
    .bss                                     0x200010d4   Section       20  ina226.o(.bss)
    .bss                                     0x200010e8   Section       96  libspace.o(.bss)
    HEAP                                     0x20001148   Section      512  startup_stm32f10x_md.o(HEAP)
    Heap_Mem                                 0x20001148   Data         512  startup_stm32f10x_md.o(HEAP)
    STACK                                    0x20001348   Section     1024  startup_stm32f10x_md.o(STACK)
    Stack_Mem                                0x20001348   Data        1024  startup_stm32f10x_md.o(STACK)
    __initial_sp                             0x20001748   Data           0  startup_stm32f10x_md.o(STACK)

    Global Symbols

    Symbol Name                              Value     Ov Type        Size  Object(Section)

    BuildAttributes$$THM_ISAv4$P$D$K$B$S$PE$A:L22UL41UL21$X:L11$S22US41US21$IEEE1$IW$USESV6$~STKCKD$USESV7$~SHL$OTIME$ROPI$IEEEJ$EBA8$UX$STANDARDLIB$REQ8$PRES8$EABIv2 0x00000000   Number         0  anon$$obj.o ABSOLUTE
    __ARM_use_no_argv                        0x00000000   Number         0  main.o ABSOLUTE
    _printf_flags                            0x00000000   Number         0  printf_stubs.o ABSOLUTE
    _printf_return_value                     0x00000000   Number         0  printf_stubs.o ABSOLUTE
    _printf_sizespec                         0x00000000   Number         0  printf_stubs.o ABSOLUTE
    _printf_widthprec                        0x00000000   Number         0  printf_stubs.o ABSOLUTE
    __ARM_exceptions_init                     - Undefined Weak Reference
    __alloca_initialize                       - Undefined Weak Reference
    __arm_preinit_                            - Undefined Weak Reference
    __cpp_initialize__aeabi_                  - Undefined Weak Reference
    __cxa_finalize                            - Undefined Weak Reference
    __sigvec_lookup                           - Undefined Weak Reference
    _atexit_init                              - Undefined Weak Reference
    _call_atexit_fns                          - Undefined Weak Reference
    _clock_init                               - Undefined Weak Reference
    _fp_trap_init                             - Undefined Weak Reference
    _fp_trap_shutdown                         - Undefined Weak Reference
    _get_lc_collate                           - Undefined Weak Reference
    _get_lc_ctype                             - Undefined Weak Reference
    _get_lc_monetary                          - Undefined Weak Reference
    _get_lc_time                              - Undefined Weak Reference
    _getenv_init                              - Undefined Weak Reference
    _handle_redirection                       - Undefined Weak Reference
    _init_alloc                               - Undefined Weak Reference
    _init_user_alloc                          - Undefined Weak Reference
    _initio                                   - Undefined Weak Reference
    _mutex_acquire                            - Undefined Weak Reference
    _mutex_release                            - Undefined Weak Reference
    _printf_post_padding                      - Undefined Weak Reference
    _printf_pre_padding                       - Undefined Weak Reference
    _printf_truncate_signed                   - Undefined Weak Reference
    _printf_truncate_unsigned                 - Undefined Weak Reference
    _rand_init                                - Undefined Weak Reference
    _signal_finish                            - Undefined Weak Reference
    _signal_init                              - Undefined Weak Reference
    _terminate_alloc                          - Undefined Weak Reference
    _terminate_user_alloc                     - Undefined Weak Reference
    _terminateio                              - Undefined Weak Reference
    __Vectors_Size                           0x000000ec   Number         0  startup_stm32f10x_md.o ABSOLUTE
    __Vectors                                0x08000000   Data           4  startup_stm32f10x_md.o(RESET)
    __Vectors_End                            0x080000ec   Data           0  startup_stm32f10x_md.o(RESET)
    __main                                   0x080000ed   Thumb Code     8  __main.o(!!!main)
    __scatterload                            0x080000f5   Thumb Code     0  __scatter.o(!!!scatter)
    __scatterload_rt2                        0x080000f5   Thumb Code    44  __scatter.o(!!!scatter)
    __scatterload_rt2_thumb_only             0x080000f5   Thumb Code     0  __scatter.o(!!!scatter)
    __scatterload_null                       0x08000103   Thumb Code     0  __scatter.o(!!!scatter)
    __decompress                             0x08000129   Thumb Code    90  __dczerorl2.o(!!dczerorl2)
    __decompress1                            0x08000129   Thumb Code     0  __dczerorl2.o(!!dczerorl2)
    __scatterload_zeroinit                   0x08000185   Thumb Code    28  __scatter_zi.o(!!handler_zi)
    _printf_f                                0x080001a1   Thumb Code     0  _printf_f.o(.ARM.Collect$$_printf_percent$$00000003)
    _printf_percent                          0x080001a1   Thumb Code     0  _printf_percent.o(.ARM.Collect$$_printf_percent$$00000000)
    _printf_d                                0x080001a7   Thumb Code     0  _printf_d.o(.ARM.Collect$$_printf_percent$$00000009)
    _printf_percent_end                      0x080001ad   Thumb Code     0  _printf_percent_end.o(.ARM.Collect$$_printf_percent$$00000017)
    __rt_lib_init                            0x080001b1   Thumb Code     0  libinit.o(.ARM.Collect$$libinit$$00000000)
    __rt_lib_init_fp_1                       0x080001b3   Thumb Code     0  libinit2.o(.ARM.Collect$$libinit$$00000002)
    __rt_lib_init_heap_1                     0x080001b3   Thumb Code     0  libinit2.o(.ARM.Collect$$libinit$$0000000A)
    __rt_lib_init_lc_common                  0x080001b3   Thumb Code     0  libinit2.o(.ARM.Collect$$libinit$$0000000F)
    __rt_lib_init_preinit_1                  0x080001b3   Thumb Code     0  libinit2.o(.ARM.Collect$$libinit$$00000004)
    __rt_lib_init_rand_1                     0x080001b3   Thumb Code     0  libinit2.o(.ARM.Collect$$libinit$$0000000E)
    __rt_lib_init_user_alloc_1               0x080001b3   Thumb Code     0  libinit2.o(.ARM.Collect$$libinit$$0000000C)
    __rt_lib_init_lc_collate_1               0x080001b9   Thumb Code     0  libinit2.o(.ARM.Collect$$libinit$$00000011)
    __rt_lib_init_lc_ctype_1                 0x080001b9   Thumb Code     0  libinit2.o(.ARM.Collect$$libinit$$00000013)
    __rt_lib_init_lc_monetary_1              0x080001b9   Thumb Code     0  libinit2.o(.ARM.Collect$$libinit$$00000015)
    __rt_lib_init_lc_numeric_2               0x080001b9   Thumb Code     0  libinit2.o(.ARM.Collect$$libinit$$00000016)
    __rt_lib_init_alloca_1                   0x080001c3   Thumb Code     0  libinit2.o(.ARM.Collect$$libinit$$0000002E)
    __rt_lib_init_argv_1                     0x080001c3   Thumb Code     0  libinit2.o(.ARM.Collect$$libinit$$0000002C)
    __rt_lib_init_atexit_1                   0x080001c3   Thumb Code     0  libinit2.o(.ARM.Collect$$libinit$$0000001B)
    __rt_lib_init_clock_1                    0x080001c3   Thumb Code     0  libinit2.o(.ARM.Collect$$libinit$$00000021)
    __rt_lib_init_cpp_1                      0x080001c3   Thumb Code     0  libinit2.o(.ARM.Collect$$libinit$$00000032)
    __rt_lib_init_exceptions_1               0x080001c3   Thumb Code     0  libinit2.o(.ARM.Collect$$libinit$$00000030)
    __rt_lib_init_fp_trap_1                  0x080001c3   Thumb Code     0  libinit2.o(.ARM.Collect$$libinit$$0000001F)
    __rt_lib_init_getenv_1                   0x080001c3   Thumb Code     0  libinit2.o(.ARM.Collect$$libinit$$00000023)
    __rt_lib_init_lc_numeric_1               0x080001c3   Thumb Code     0  libinit2.o(.ARM.Collect$$libinit$$00000017)
    __rt_lib_init_lc_time_1                  0x080001c3   Thumb Code     0  libinit2.o(.ARM.Collect$$libinit$$00000019)
    __rt_lib_init_return                     0x080001c3   Thumb Code     0  libinit2.o(.ARM.Collect$$libinit$$00000033)
    __rt_lib_init_signal_1                   0x080001c3   Thumb Code     0  libinit2.o(.ARM.Collect$$libinit$$0000001D)
    __rt_lib_init_stdio_1                    0x080001c3   Thumb Code     0  libinit2.o(.ARM.Collect$$libinit$$00000025)
    __rt_lib_shutdown                        0x080001c5   Thumb Code     0  libshutdown.o(.ARM.Collect$$libshutdown$$00000000)
    __rt_lib_shutdown_cpp_1                  0x080001c7   Thumb Code     0  libshutdown2.o(.ARM.Collect$$libshutdown$$00000002)
    __rt_lib_shutdown_fp_trap_1              0x080001c7   Thumb Code     0  libshutdown2.o(.ARM.Collect$$libshutdown$$00000007)
    __rt_lib_shutdown_heap_1                 0x080001c7   Thumb Code     0  libshutdown2.o(.ARM.Collect$$libshutdown$$0000000F)
    __rt_lib_shutdown_return                 0x080001c7   Thumb Code     0  libshutdown2.o(.ARM.Collect$$libshutdown$$00000010)
    __rt_lib_shutdown_signal_1               0x080001c7   Thumb Code     0  libshutdown2.o(.ARM.Collect$$libshutdown$$0000000A)
    __rt_lib_shutdown_stdio_1                0x080001c7   Thumb Code     0  libshutdown2.o(.ARM.Collect$$libshutdown$$00000004)
    __rt_lib_shutdown_user_alloc_1           0x080001c7   Thumb Code     0  libshutdown2.o(.ARM.Collect$$libshutdown$$0000000C)
    __rt_entry                               0x080001c9   Thumb Code     0  __rtentry.o(.ARM.Collect$$rtentry$$00000000)
    __rt_entry_presh_1                       0x080001c9   Thumb Code     0  __rtentry2.o(.ARM.Collect$$rtentry$$00000002)
    __rt_entry_sh                            0x080001c9   Thumb Code     0  __rtentry4.o(.ARM.Collect$$rtentry$$00000004)
    __rt_entry_li                            0x080001cf   Thumb Code     0  __rtentry2.o(.ARM.Collect$$rtentry$$0000000A)
    __rt_entry_postsh_1                      0x080001cf   Thumb Code     0  __rtentry2.o(.ARM.Collect$$rtentry$$00000009)
    __rt_entry_main                          0x080001d3   Thumb Code     0  __rtentry2.o(.ARM.Collect$$rtentry$$0000000D)
    __rt_entry_postli_1                      0x080001d3   Thumb Code     0  __rtentry2.o(.ARM.Collect$$rtentry$$0000000C)
    __rt_exit                                0x080001db   Thumb Code     0  rtexit.o(.ARM.Collect$$rtexit$$00000000)
    __rt_exit_ls                             0x080001dd   Thumb Code     0  rtexit2.o(.ARM.Collect$$rtexit$$00000003)
    __rt_exit_prels_1                        0x080001dd   Thumb Code     0  rtexit2.o(.ARM.Collect$$rtexit$$00000002)
    __rt_exit_exit                           0x080001e1   Thumb Code     0  rtexit2.o(.ARM.Collect$$rtexit$$00000004)
    Reset_Handler                            0x080001e9   Thumb Code     8  startup_stm32f10x_md.o(.text)
    ADC1_2_IRQHandler                        0x08000203   Thumb Code     0  startup_stm32f10x_md.o(.text)
    CAN1_RX1_IRQHandler                      0x08000203   Thumb Code     0  startup_stm32f10x_md.o(.text)
    CAN1_SCE_IRQHandler                      0x08000203   Thumb Code     0  startup_stm32f10x_md.o(.text)
    DMA1_Channel1_IRQHandler                 0x08000203   Thumb Code     0  startup_stm32f10x_md.o(.text)
    DMA1_Channel2_IRQHandler                 0x08000203   Thumb Code     0  startup_stm32f10x_md.o(.text)
    DMA1_Channel3_IRQHandler                 0x08000203   Thumb Code     0  startup_stm32f10x_md.o(.text)
    DMA1_Channel4_IRQHandler                 0x08000203   Thumb Code     0  startup_stm32f10x_md.o(.text)
    DMA1_Channel5_IRQHandler                 0x08000203   Thumb Code     0  startup_stm32f10x_md.o(.text)
    DMA1_Channel6_IRQHandler                 0x08000203   Thumb Code     0  startup_stm32f10x_md.o(.text)
    DMA1_Channel7_IRQHandler                 0x08000203   Thumb Code     0  startup_stm32f10x_md.o(.text)
    EXTI0_IRQHandler                         0x08000203   Thumb Code     0  startup_stm32f10x_md.o(.text)
    EXTI15_10_IRQHandler                     0x08000203   Thumb Code     0  startup_stm32f10x_md.o(.text)
    EXTI1_IRQHandler                         0x08000203   Thumb Code     0  startup_stm32f10x_md.o(.text)
    EXTI2_IRQHandler                         0x08000203   Thumb Code     0  startup_stm32f10x_md.o(.text)
    EXTI3_IRQHandler                         0x08000203   Thumb Code     0  startup_stm32f10x_md.o(.text)
    EXTI4_IRQHandler                         0x08000203   Thumb Code     0  startup_stm32f10x_md.o(.text)
    EXTI9_5_IRQHandler                       0x08000203   Thumb Code     0  startup_stm32f10x_md.o(.text)
    FLASH_IRQHandler                         0x08000203   Thumb Code     0  startup_stm32f10x_md.o(.text)
    I2C1_ER_IRQHandler                       0x08000203   Thumb Code     0  startup_stm32f10x_md.o(.text)
    I2C1_EV_IRQHandler                       0x08000203   Thumb Code     0  startup_stm32f10x_md.o(.text)
    I2C2_ER_IRQHandler                       0x08000203   Thumb Code     0  startup_stm32f10x_md.o(.text)
    I2C2_EV_IRQHandler                       0x08000203   Thumb Code     0  startup_stm32f10x_md.o(.text)
    PVD_IRQHandler                           0x08000203   Thumb Code     0  startup_stm32f10x_md.o(.text)
    RCC_IRQHandler                           0x08000203   Thumb Code     0  startup_stm32f10x_md.o(.text)
    RTCAlarm_IRQHandler                      0x08000203   Thumb Code     0  startup_stm32f10x_md.o(.text)
    RTC_IRQHandler                           0x08000203   Thumb Code     0  startup_stm32f10x_md.o(.text)
    SPI1_IRQHandler                          0x08000203   Thumb Code     0  startup_stm32f10x_md.o(.text)
    SPI2_IRQHandler                          0x08000203   Thumb Code     0  startup_stm32f10x_md.o(.text)
    TAMPER_IRQHandler                        0x08000203   Thumb Code     0  startup_stm32f10x_md.o(.text)
    TIM1_BRK_IRQHandler                      0x08000203   Thumb Code     0  startup_stm32f10x_md.o(.text)
    TIM1_CC_IRQHandler                       0x08000203   Thumb Code     0  startup_stm32f10x_md.o(.text)
    TIM1_TRG_COM_IRQHandler                  0x08000203   Thumb Code     0  startup_stm32f10x_md.o(.text)
    TIM1_UP_IRQHandler                       0x08000203   Thumb Code     0  startup_stm32f10x_md.o(.text)
    TIM2_IRQHandler                          0x08000203   Thumb Code     0  startup_stm32f10x_md.o(.text)
    TIM3_IRQHandler                          0x08000203   Thumb Code     0  startup_stm32f10x_md.o(.text)
    TIM4_IRQHandler                          0x08000203   Thumb Code     0  startup_stm32f10x_md.o(.text)
    USART2_IRQHandler                        0x08000203   Thumb Code     0  startup_stm32f10x_md.o(.text)
    USART3_IRQHandler                        0x08000203   Thumb Code     0  startup_stm32f10x_md.o(.text)
    USBWakeUp_IRQHandler                     0x08000203   Thumb Code     0  startup_stm32f10x_md.o(.text)
    USB_HP_CAN1_TX_IRQHandler                0x08000203   Thumb Code     0  startup_stm32f10x_md.o(.text)
    USB_LP_CAN1_RX0_IRQHandler               0x08000203   Thumb Code     0  startup_stm32f10x_md.o(.text)
    WWDG_IRQHandler                          0x08000203   Thumb Code     0  startup_stm32f10x_md.o(.text)
    __user_initial_stackheap                 0x08000205   Thumb Code     0  startup_stm32f10x_md.o(.text)
    __use_no_semihosting                     0x08000229   Thumb Code     2  use_no_semi_2.o(.text)
    __2printf                                0x0800022d   Thumb Code    20  noretval__2printf.o(.text)
    __2sprintf                               0x08000245   Thumb Code    34  noretval__2sprintf.o(.text)
    _printf_int_dec                          0x0800026d   Thumb Code   104  _printf_dec.o(.text)
    __printf                                 0x080002e5   Thumb Code   270  __printf_wp.o(.text)
    strchr                                   0x080003f3   Thumb Code    20  strchr.o(.text)
    strstr                                   0x08000407   Thumb Code    36  strstr.o(.text)
    __use_two_region_memory                  0x0800042b   Thumb Code     2  heapauxi.o(.text)
    __rt_heap_escrow$2region                 0x0800042d   Thumb Code     2  heapauxi.o(.text)
    __rt_heap_expand$2region                 0x0800042f   Thumb Code     2  heapauxi.o(.text)
    __I$use$semihosting                      0x08000431   Thumb Code     0  use_no_semi.o(.text)
    __use_no_semihosting_swi                 0x08000431   Thumb Code     2  use_no_semi.o(.text)
    _printf_int_common                       0x08000433   Thumb Code   178  _printf_intcommon.o(.text)
    __lib_sel_fp_printf                      0x080004e5   Thumb Code     2  _printf_fp_dec.o(.text)
    _printf_fp_dec_real                      0x08000697   Thumb Code   620  _printf_fp_dec.o(.text)
    _printf_char_common                      0x0800090f   Thumb Code    32  _printf_char_common.o(.text)
    _sputc                                   0x08000935   Thumb Code    10  _sputc.o(.text)
    _printf_char_file                        0x08000941   Thumb Code    32  _printf_char_file.o(.text)
    __rt_locale                              0x08000965   Thumb Code     8  rt_locale_intlibspace.o(.text)
    _ll_udiv10                               0x0800096d   Thumb Code   138  lludiv10.o(.text)
    _printf_fp_infnan                        0x080009f9   Thumb Code   112  _printf_fp_infnan.o(.text)
    _btod_etento                             0x08000a79   Thumb Code   224  bigflt0.o(.text)
    ferror                                   0x08000b5d   Thumb Code     8  ferror.o(.text)
    __user_libspace                          0x08000b65   Thumb Code     8  libspace.o(.text)
    __user_perproc_libspace                  0x08000b65   Thumb Code     0  libspace.o(.text)
    __user_perthread_libspace                0x08000b65   Thumb Code     0  libspace.o(.text)
    __user_setup_stackheap                   0x08000b6d   Thumb Code    74  sys_stackheap_outer.o(.text)
    exit                                     0x08000bb7   Thumb Code    18  exit.o(.text)
    strcmp                                   0x08000bc9   Thumb Code   128  strcmpv7m.o(.text)
    _btod_d2e                                0x08000c49   Thumb Code    62  btod.o(CL$$btod_d2e)
    _d2e_denorm_low                          0x08000c87   Thumb Code    70  btod.o(CL$$btod_d2e_denorm_low)
    _d2e_norm_op1                            0x08000ccd   Thumb Code    96  btod.o(CL$$btod_d2e_norm_op1)
    __btod_div_common                        0x08000d2d   Thumb Code   696  btod.o(CL$$btod_div_common)
    _e2e                                     0x08001065   Thumb Code   220  btod.o(CL$$btod_e2e)
    _btod_ediv                               0x08001141   Thumb Code    42  btod.o(CL$$btod_ediv)
    _btod_emul                               0x0800116b   Thumb Code    42  btod.o(CL$$btod_emul)
    __btod_mult_common                       0x08001195   Thumb Code   580  btod.o(CL$$btod_mult_common)
    ADC_Cmd                                  0x080013d9   Thumb Code    22  stm32f10x_adc.o(i.ADC_Cmd)
    ADC_DeInit                               0x080013f1   Thumb Code    78  stm32f10x_adc.o(i.ADC_DeInit)
    ADC_GetCalibrationStatus                 0x0800144d   Thumb Code    20  stm32f10x_adc.o(i.ADC_GetCalibrationStatus)
    ADC_GetConversionValue                   0x08001461   Thumb Code     8  stm32f10x_adc.o(i.ADC_GetConversionValue)
    ADC_GetFlagStatus                        0x08001469   Thumb Code    18  stm32f10x_adc.o(i.ADC_GetFlagStatus)
    ADC_GetResetCalibrationStatus            0x0800147b   Thumb Code    20  stm32f10x_adc.o(i.ADC_GetResetCalibrationStatus)
    ADC_Init                                 0x08001491   Thumb Code    70  stm32f10x_adc.o(i.ADC_Init)
    ADC_RegularChannelConfig                 0x080014e1   Thumb Code   184  stm32f10x_adc.o(i.ADC_RegularChannelConfig)
    ADC_ResetCalibration                     0x08001599   Thumb Code    10  stm32f10x_adc.o(i.ADC_ResetCalibration)
    ADC_SoftwareStartConvCmd                 0x080015a3   Thumb Code    22  stm32f10x_adc.o(i.ADC_SoftwareStartConvCmd)
    ADC_StartCalibration                     0x080015b9   Thumb Code    10  stm32f10x_adc.o(i.ADC_StartCalibration)
    Adc_Init                                 0x080015c5   Thumb Code   152  adc.o(i.Adc_Init)
    BCD_DEC                                  0x08001665   Thumb Code    38  ds1302.o(i.BCD_DEC)
    BusFault_Handler                         0x0800168b   Thumb Code     4  stm32f10x_it.o(i.BusFault_Handler)
    Clear_Buffer                             0x08001691   Thumb Code    26  main.o(i.Clear_Buffer)
    DEC_BCD                                  0x080016b5   Thumb Code    28  ds1302.o(i.DEC_BCD)
    DS1302_Burst_Read                        0x080016d1   Thumb Code    56  ds1302.o(i.DS1302_Burst_Read)
    DS1302_Burst_Write                       0x08001711   Thumb Code    56  ds1302.o(i.DS1302_Burst_Write)
    DS1302_Clear_WP                          0x08001751   Thumb Code    12  ds1302.o(i.DS1302_Clear_WP)
    DS1302_R_Byte                            0x0800175d   Thumb Code    96  ds1302.o(i.DS1302_R_Byte)
    DS1302_R_DAT                             0x080017c9   Thumb Code    86  ds1302.o(i.DS1302_R_DAT)
    DS1302_Set_WP                            0x0800182d   Thumb Code    24  ds1302.o(i.DS1302_Set_WP)
    DS1302_W_Byte                            0x0800184d   Thumb Code   104  ds1302.o(i.DS1302_W_Byte)
    DS1302_W_DAT                             0x080018c1   Thumb Code    58  ds1302.o(i.DS1302_W_DAT)
    DebugMon_Handler                         0x08001905   Thumb Code     2  stm32f10x_it.o(i.DebugMon_Handler)
    DelayS                                   0x08001907   Thumb Code    26  delay.o(i.DelayS)
    GB16_NUM                                 0x08001921   Thumb Code    18  oled_iic.o(i.GB16_NUM)
    GPIO_Init                                0x08001939   Thumb Code   278  stm32f10x_gpio.o(i.GPIO_Init)
    GPIO_ReadInputDataBit                    0x08001a4f   Thumb Code    18  stm32f10x_gpio.o(i.GPIO_ReadInputDataBit)
    GPIO_ResetBits                           0x08001a61   Thumb Code     4  stm32f10x_gpio.o(i.GPIO_ResetBits)
    GPIO_SetBits                             0x08001a65   Thumb Code     4  stm32f10x_gpio.o(i.GPIO_SetBits)
    GetPower                                 0x08001a69   Thumb Code    96  ina226.o(i.GetPower)
    GetRealTime                              0x08001ad5   Thumb Code    58  ds1302.o(i.GetRealTime)
    GetVoltage                               0x08001b11   Thumb Code    54  ina226.o(i.GetVoltage)
    Get_Adc                                  0x08001b55   Thumb Code    46  adc.o(i.Get_Adc)
    Get_Shunt_Current                        0x08001b89   Thumb Code    56  ina226.o(i.Get_Shunt_Current)
    Get_Shunt_voltage                        0x08001bc9   Thumb Code    28  ina226.o(i.Get_Shunt_voltage)
    HardFault_Handler                        0x08001be9   Thumb Code     4  stm32f10x_it.o(i.HardFault_Handler)
    IIC_Ack_226                              0x08001bed   Thumb Code    66  myiic.o(i.IIC_Ack_226)
    IIC_GPIO_Config                          0x08001c4d   Thumb Code    56  oled_iic.o(i.IIC_GPIO_Config)
    IIC_Init_226                             0x08001c89   Thumb Code    50  myiic.o(i.IIC_Init_226)
    IIC_NAck_226                             0x08001cc1   Thumb Code    66  myiic.o(i.IIC_NAck_226)
    IIC_Read_Byte_226                        0x08001d11   Thumb Code    98  myiic.o(i.IIC_Read_Byte_226)
    IIC_Send_Byte_226                        0x08001d81   Thumb Code    90  myiic.o(i.IIC_Send_Byte_226)
    IIC_Start                                0x08001de9   Thumb Code    42  oled_iic.o(i.IIC_Start)
    IIC_Start_226                            0x08001e1d   Thumb Code    64  myiic.o(i.IIC_Start_226)
    IIC_Stop                                 0x08001e69   Thumb Code    28  oled_iic.o(i.IIC_Stop)
    IIC_Stop_226                             0x08001e8d   Thumb Code    62  myiic.o(i.IIC_Stop_226)
    IIC_WaitAck                              0x08001ed9   Thumb Code    56  oled_iic.o(i.IIC_WaitAck)
    IIC_Wait_Ack_226                         0x08001f1d   Thumb Code    86  myiic.o(i.IIC_Wait_Ack_226)
    INA226_GetShuntVoltage                   0x08001f81   Thumb Code    38  ina226.o(i.INA226_GetShuntVoltage)
    INA226_GetShunt_Current                  0x08001fa7   Thumb Code    38  ina226.o(i.INA226_GetShunt_Current)
    INA226_GetVoltage                        0x08001fcd   Thumb Code    26  ina226.o(i.INA226_GetVoltage)
    INA226_Init                              0x08001fe7   Thumb Code    38  ina226.o(i.INA226_Init)
    INA226_ReadData                          0x0800200d   Thumb Code    54  ina226.o(i.INA226_ReadData)
    INA226_SendData                          0x08002043   Thumb Code    68  ina226.o(i.INA226_SendData)
    INA226_SetRegPointer                     0x08002087   Thumb Code    36  ina226.o(i.INA226_SetRegPointer)
    Init_DS1302                              0x080020ad   Thumb Code    70  ds1302.o(i.Init_DS1302)
    Key_Init                                 0x080020fd   Thumb Code    54  key.o(i.Key_Init)
    Key_settime                              0x08002139   Thumb Code   554  main.o(i.Key_settime)
    LED_Init                                 0x080023a1   Thumb Code    50  main.o(i.LED_Init)
    Lsens_Get_Val                            0x080023d9   Thumb Code    56  adc.o(i.Lsens_Get_Val)
    Lsens_Get_Val2                           0x08002411   Thumb Code    56  adc.o(i.Lsens_Get_Val2)
    M5310A_Init                              0x08002449   Thumb Code   282  main.o(i.M5310A_Init)
    MemManage_Handler                        0x080025e5   Thumb Code     4  stm32f10x_it.o(i.MemManage_Handler)
    NMI_Handler                              0x080025e9   Thumb Code     2  stm32f10x_it.o(i.NMI_Handler)
    NVIC_Init                                0x080025ed   Thumb Code   100  misc.o(i.NVIC_Init)
    NVIC_PriorityGroupConfig                 0x0800265d   Thumb Code    10  misc.o(i.NVIC_PriorityGroupConfig)
    OLED_Clear                               0x08002671   Thumb Code    10  oled_iic.o(i.OLED_Clear)
    OLED_Fill                                0x0800267b   Thumb Code    58  oled_iic.o(i.OLED_Fill)
    OLED_Init                                0x080026b5   Thumb Code   170  oled_iic.o(i.OLED_Init)
    OLED_Set_Pos                             0x0800275f   Thumb Code    40  oled_iic.o(i.OLED_Set_Pos)
    OLED_ShowCH                              0x08002789   Thumb Code   284  oled_iic.o(i.OLED_ShowCH)
    OLED_ShowChar                            0x080028b9   Thumb Code   102  oled_iic.o(i.OLED_ShowChar)
    OLED_ShowNum                             0x08002925   Thumb Code   196  oled_iic.o(i.OLED_ShowNum)
    OLED_ShowNum_c                           0x080029ed   Thumb Code   124  oled_iic.o(i.OLED_ShowNum_c)
    OLED_clear_h                             0x08002a69   Thumb Code    34  oled_iic.o(i.OLED_clear_h)
    PendSV_Handler                           0x08002a91   Thumb Code     2  stm32f10x_it.o(i.PendSV_Handler)
    Post_data                                0x08002a95   Thumb Code   108  main.o(i.Post_data)
    RCC_ADCCLKConfig                         0x08002b95   Thumb Code    18  stm32f10x_rcc.o(i.RCC_ADCCLKConfig)
    RCC_APB1PeriphClockCmd                   0x08002bad   Thumb Code    26  stm32f10x_rcc.o(i.RCC_APB1PeriphClockCmd)
    RCC_APB2PeriphClockCmd                   0x08002bcd   Thumb Code    26  stm32f10x_rcc.o(i.RCC_APB2PeriphClockCmd)
    RCC_APB2PeriphResetCmd                   0x08002bed   Thumb Code    26  stm32f10x_rcc.o(i.RCC_APB2PeriphResetCmd)
    RCC_GetClocksFreq                        0x08002c0d   Thumb Code   192  stm32f10x_rcc.o(i.RCC_GetClocksFreq)
    SVC_Handler                              0x08002ce1   Thumb Code     2  stm32f10x_it.o(i.SVC_Handler)
    SetRealTime                              0x08002ce3   Thumb Code    60  ds1302.o(i.SetRealTime)
    Set_parameters                           0x08002e09   Thumb Code   418  main.o(i.Set_parameters)
    SysTick_CLKSourceConfig                  0x08002fd5   Thumb Code    40  misc.o(i.SysTick_CLKSourceConfig)
    SysTick_Handler                          0x08002ffd   Thumb Code     2  stm32f10x_it.o(i.SysTick_Handler)
    SystemInit                               0x08003001   Thumb Code    78  system_stm32f10x.o(i.SystemInit)
    TIM3_PWM_Init                            0x08003061   Thumb Code   138  timer.o(i.TIM3_PWM_Init)
    TIM_ARRPreloadConfig                     0x080030f5   Thumb Code    24  stm32f10x_tim.o(i.TIM_ARRPreloadConfig)
    TIM_Cmd                                  0x0800310d   Thumb Code    24  stm32f10x_tim.o(i.TIM_Cmd)
    TIM_OC1Init                              0x08003125   Thumb Code   132  stm32f10x_tim.o(i.TIM_OC1Init)
    TIM_OC1PreloadConfig                     0x080031bd   Thumb Code    18  stm32f10x_tim.o(i.TIM_OC1PreloadConfig)
    TIM_SetCompare1                          0x080031cf   Thumb Code     4  stm32f10x_tim.o(i.TIM_SetCompare1)
    TIM_TimeBaseInit                         0x080031d5   Thumb Code   122  stm32f10x_tim.o(i.TIM_TimeBaseInit)
    USART1_IRQHandler                        0x08003279   Thumb Code   170  usart2.o(i.USART1_IRQHandler)
    USART_Cmd                                0x0800333d   Thumb Code    24  stm32f10x_usart.o(i.USART_Cmd)
    USART_GetITStatus                        0x08003355   Thumb Code    84  stm32f10x_usart.o(i.USART_GetITStatus)
    USART_ITConfig                           0x080033a9   Thumb Code    74  stm32f10x_usart.o(i.USART_ITConfig)
    USART_Init                               0x080033f5   Thumb Code   210  stm32f10x_usart.o(i.USART_Init)
    USART_ReceiveData                        0x080034cd   Thumb Code    10  stm32f10x_usart.o(i.USART_ReceiveData)
    UsageFault_Handler                       0x080034d7   Thumb Code     4  stm32f10x_it.o(i.UsageFault_Handler)
    Write_IIC_Byte                           0x080034dd   Thumb Code    80  oled_iic.o(i.Write_IIC_Byte)
    Write_IIC_Command                        0x08003535   Thumb Code    44  oled_iic.o(i.Write_IIC_Command)
    Write_IIC_Data                           0x08003561   Thumb Code    44  oled_iic.o(i.Write_IIC_Data)
    __ARM_fpclassify                         0x0800358d   Thumb Code    40  fpclassify.o(i.__ARM_fpclassify)
    _is_digit                                0x080035b5   Thumb Code    14  __printf_wp.o(i._is_digit)
    _sys_exit                                0x080035c3   Thumb Code     4  usart2.o(i._sys_exit)
    delay_init                               0x080035c9   Thumb Code    50  delay.o(i.delay_init)
    delay_ms                                 0x0800360d   Thumb Code    72  delay.o(i.delay_ms)
    delay_us                                 0x08003659   Thumb Code    72  delay.o(i.delay_us)
    display_Set_parameters                   0x080036a5   Thumb Code   144  main.o(i.display_Set_parameters)
    fputc                                    0x08003765   Thumb Code    24  usart2.o(i.fputc)
    main                                     0x08003781   Thumb Code  1538  main.o(i.main)
    network_init                             0x08003d99   Thumb Code    76  main.o(i.network_init)
    oled_pow                                 0x08003e91   Thumb Code    22  oled_iic.o(i.oled_pow)
    uart1_init                               0x08003ea9   Thumb Code   152  usart2.o(i.uart1_init)
    _get_lc_numeric                          0x08003f49   Thumb Code    44  lc_numeric_c.o(locale$$code)
    __fpl_dretinf                            0x08003f75   Thumb Code    12  dretinf.o(x$fpl$dretinf)
    __aeabi_f2d                              0x08003f81   Thumb Code     0  f2d.o(x$fpl$f2d)
    _f2d                                     0x08003f81   Thumb Code    86  f2d.o(x$fpl$f2d)
    __fpl_fcmp_Inf                           0x08003fd7   Thumb Code    24  fcmpi.o(x$fpl$fcmpinf)
    __aeabi_fdiv                             0x08003ff1   Thumb Code     0  fdiv.o(x$fpl$fdiv)
    _fdiv                                    0x08003ff1   Thumb Code   384  fdiv.o(x$fpl$fdiv)
    __aeabi_ui2f                             0x08004175   Thumb Code     0  fflt_clz.o(x$fpl$ffltu)
    _ffltu                                   0x08004175   Thumb Code    38  fflt_clz.o(x$fpl$ffltu)
    __aeabi_cfcmple                          0x0800419d   Thumb Code     0  fleqf.o(x$fpl$fleqf)
    _fcmple                                  0x0800419d   Thumb Code   104  fleqf.o(x$fpl$fleqf)
    __fpl_fcmple_InfNaN                      0x080041ef   Thumb Code     0  fleqf.o(x$fpl$fleqf)
    __aeabi_fmul                             0x08004205   Thumb Code     0  fmul.o(x$fpl$fmul)
    _fmul                                    0x08004205   Thumb Code   258  fmul.o(x$fpl$fmul)
    __fpl_fnaninf                            0x08004307   Thumb Code   140  fnaninf.o(x$fpl$fnaninf)
    __fpl_fretinf                            0x08004393   Thumb Code    10  fretinf.o(x$fpl$fretinf)
    _printf_fp_dec                           0x0800439d   Thumb Code     4  printf1.o(x$fpl$printf1)
    __I$use$fp                               0x080043a0   Number         0  usenofp.o(x$fpl$usenofp)
    Region$$Table$$Base                      0x0800443c   Number         0  anon$$obj.o(Region$$Table)
    Region$$Table$$Limit                     0x0800445c   Number         0  anon$$obj.o(Region$$Table)
    SystemCoreClock                          0x20000000   Data           4  system_stm32f10x.o(.data)
    AHBPrescTable                            0x20000004   Data          16  system_stm32f10x.o(.data)
    send_flag                                0x20000028   Data           1  main.o(.data)
    LED_state                                0x20000029   Data           1  main.o(.data)
    Timed_flag                               0x2000002a   Data           1  main.o(.data)
    CurTime                                  0x2000002c   Data           8  main.o(.data)
    Light_led                                0x20000034   Data           4  main.o(.data)
    Light                                    0x20000038   Data           4  main.o(.data)
    mode                                     0x2000003c   Data           1  main.o(.data)
    LED_colour                               0x2000003d   Data           1  main.o(.data)
    brightness                               0x2000003e   Data           1  main.o(.data)
    Led_kz                                   0x2000003f   Data           1  main.o(.data)
    ds_dw                                    0x20000040   Data           1  main.o(.data)
    ds_time                                  0x20000042   Data           2  main.o(.data)
    ds_kz                                    0x20000044   Data           1  main.o(.data)
    Someone_alarm                            0x20000045   Data           1  main.o(.data)
    strx                                     0x20000048   Data           4  main.o(.data)
    extstrx                                  0x2000004c   Data           4  main.o(.data)
    socketnum                                0x20000050   Data           1  main.o(.data)
    set_cs                                   0x20000051   Data           1  main.o(.data)
    set_cs_number                            0x20000052   Data           1  main.o(.data)
    ks_hour                                  0x20000054   Data           4  main.o(.data)
    ks_min                                   0x20000058   Data           4  main.o(.data)
    gb_hour                                  0x2000005c   Data           4  main.o(.data)
    gb_min                                   0x20000060   Data           4  main.o(.data)
    Set_mode                                 0x20000064   Data           1  main.o(.data)
    set_hour                                 0x20000065   Data           1  main.o(.data)
    set_min                                  0x20000066   Data           1  main.o(.data)
    set_sec                                  0x20000067   Data           1  main.o(.data)
    set_time_number                          0x20000068   Data           1  main.o(.data)
    zf                                       0x2000006c   Data        1520  oled_iic.o(.data)
    hz                                       0x2000065c   Data        1920  oled_iic.o(.data)
    hz_index                                 0x20000ddc   Data         121  oled_iic.o(.data)
    zf_index                                 0x20000e55   Data          96  oled_iic.o(.data)
    HZ                                       0x20000eb8   Data           4  oled_iic.o(.data)
    __stdout                                 0x20000ebc   Data           4  usart2.o(.data)
    reception                                0x20000ec0   Data           1  usart2.o(.data)
    USART_RX_STA                             0x20000ec2   Data           2  usart2.o(.data)
    RxCounter                                0x20000ec4   Data           1  usart2.o(.data)
    display_data                             0x20000ecc   Data          20  main.o(.bss)
    USART_RX_BUF                             0x20000ee0   Data         400  usart2.o(.bss)
    RxBuffer                                 0x20001070   Data         100  usart2.o(.bss)
    INA226_data                              0x200010d4   Data          20  ina226.o(.bss)
    __libspace_start                         0x200010e8   Data          96  libspace.o(.bss)
    __temporary_stack_top$libspace           0x20001148   Data           0  libspace.o(.bss)



==============================================================================

Memory Map of the image

  Image Entry point : 0x080000ed

  Load Region LR_IROM1 (Base: 0x08000000, Size: 0x00005344, Max: 0x00008000, ABSOLUTE, COMPRESSED[0x00004ed0])

    Execution Region ER_IROM1 (Exec base: 0x08000000, Load base: 0x08000000, Size: 0x00004478, Max: 0x00008000, ABSOLUTE)

    Exec Addr    Load Addr    Size         Type   Attr      Idx    E Section Name        Object

    0x08000000   0x08000000   0x000000ec   Data   RO            3    RESET               startup_stm32f10x_md.o
    0x080000ec   0x080000ec   0x00000008   Code   RO         4054  * !!!main             c_w.l(__main.o)
    0x080000f4   0x080000f4   0x00000034   Code   RO         4298    !!!scatter          c_w.l(__scatter.o)
    0x08000128   0x08000128   0x0000005a   Code   RO         4296    !!dczerorl2         c_w.l(__dczerorl2.o)
    0x08000182   0x08000182   0x00000002   PAD
    0x08000184   0x08000184   0x0000001c   Code   RO         4300    !!handler_zi        c_w.l(__scatter_zi.o)
    0x080001a0   0x080001a0   0x00000000   Code   RO         4047    .ARM.Collect$$_printf_percent$$00000000  c_w.l(_printf_percent.o)
    0x080001a0   0x080001a0   0x00000006   Code   RO         4046    .ARM.Collect$$_printf_percent$$00000003  c_w.l(_printf_f.o)
    0x080001a6   0x080001a6   0x00000006   Code   RO         4045    .ARM.Collect$$_printf_percent$$00000009  c_w.l(_printf_d.o)
    0x080001ac   0x080001ac   0x00000004   Code   RO         4087    .ARM.Collect$$_printf_percent$$00000017  c_w.l(_printf_percent_end.o)
    0x080001b0   0x080001b0   0x00000002   Code   RO         4173    .ARM.Collect$$libinit$$00000000  c_w.l(libinit.o)
    0x080001b2   0x080001b2   0x00000000   Code   RO         4175    .ARM.Collect$$libinit$$00000002  c_w.l(libinit2.o)
    0x080001b2   0x080001b2   0x00000000   Code   RO         4177    .ARM.Collect$$libinit$$00000004  c_w.l(libinit2.o)
    0x080001b2   0x080001b2   0x00000000   Code   RO         4180    .ARM.Collect$$libinit$$0000000A  c_w.l(libinit2.o)
    0x080001b2   0x080001b2   0x00000000   Code   RO         4182    .ARM.Collect$$libinit$$0000000C  c_w.l(libinit2.o)
    0x080001b2   0x080001b2   0x00000000   Code   RO         4184    .ARM.Collect$$libinit$$0000000E  c_w.l(libinit2.o)
    0x080001b2   0x080001b2   0x00000006   Code   RO         4185    .ARM.Collect$$libinit$$0000000F  c_w.l(libinit2.o)
    0x080001b8   0x080001b8   0x00000000   Code   RO         4187    .ARM.Collect$$libinit$$00000011  c_w.l(libinit2.o)
    0x080001b8   0x080001b8   0x00000000   Code   RO         4189    .ARM.Collect$$libinit$$00000013  c_w.l(libinit2.o)
    0x080001b8   0x080001b8   0x00000000   Code   RO         4191    .ARM.Collect$$libinit$$00000015  c_w.l(libinit2.o)
    0x080001b8   0x080001b8   0x0000000a   Code   RO         4192    .ARM.Collect$$libinit$$00000016  c_w.l(libinit2.o)
    0x080001c2   0x080001c2   0x00000000   Code   RO         4193    .ARM.Collect$$libinit$$00000017  c_w.l(libinit2.o)
    0x080001c2   0x080001c2   0x00000000   Code   RO         4195    .ARM.Collect$$libinit$$00000019  c_w.l(libinit2.o)
    0x080001c2   0x080001c2   0x00000000   Code   RO         4197    .ARM.Collect$$libinit$$0000001B  c_w.l(libinit2.o)
    0x080001c2   0x080001c2   0x00000000   Code   RO         4199    .ARM.Collect$$libinit$$0000001D  c_w.l(libinit2.o)
    0x080001c2   0x080001c2   0x00000000   Code   RO         4201    .ARM.Collect$$libinit$$0000001F  c_w.l(libinit2.o)
    0x080001c2   0x080001c2   0x00000000   Code   RO         4203    .ARM.Collect$$libinit$$00000021  c_w.l(libinit2.o)
    0x080001c2   0x080001c2   0x00000000   Code   RO         4205    .ARM.Collect$$libinit$$00000023  c_w.l(libinit2.o)
    0x080001c2   0x080001c2   0x00000000   Code   RO         4207    .ARM.Collect$$libinit$$00000025  c_w.l(libinit2.o)
    0x080001c2   0x080001c2   0x00000000   Code   RO         4211    .ARM.Collect$$libinit$$0000002C  c_w.l(libinit2.o)
    0x080001c2   0x080001c2   0x00000000   Code   RO         4213    .ARM.Collect$$libinit$$0000002E  c_w.l(libinit2.o)
    0x080001c2   0x080001c2   0x00000000   Code   RO         4215    .ARM.Collect$$libinit$$00000030  c_w.l(libinit2.o)
    0x080001c2   0x080001c2   0x00000000   Code   RO         4217    .ARM.Collect$$libinit$$00000032  c_w.l(libinit2.o)
    0x080001c2   0x080001c2   0x00000002   Code   RO         4218    .ARM.Collect$$libinit$$00000033  c_w.l(libinit2.o)
    0x080001c4   0x080001c4   0x00000002   Code   RO         4246    .ARM.Collect$$libshutdown$$00000000  c_w.l(libshutdown.o)
    0x080001c6   0x080001c6   0x00000000   Code   RO         4255    .ARM.Collect$$libshutdown$$00000002  c_w.l(libshutdown2.o)
    0x080001c6   0x080001c6   0x00000000   Code   RO         4257    .ARM.Collect$$libshutdown$$00000004  c_w.l(libshutdown2.o)
    0x080001c6   0x080001c6   0x00000000   Code   RO         4260    .ARM.Collect$$libshutdown$$00000007  c_w.l(libshutdown2.o)
    0x080001c6   0x080001c6   0x00000000   Code   RO         4263    .ARM.Collect$$libshutdown$$0000000A  c_w.l(libshutdown2.o)
    0x080001c6   0x080001c6   0x00000000   Code   RO         4265    .ARM.Collect$$libshutdown$$0000000C  c_w.l(libshutdown2.o)
    0x080001c6   0x080001c6   0x00000000   Code   RO         4268    .ARM.Collect$$libshutdown$$0000000F  c_w.l(libshutdown2.o)
    0x080001c6   0x080001c6   0x00000002   Code   RO         4269    .ARM.Collect$$libshutdown$$00000010  c_w.l(libshutdown2.o)
    0x080001c8   0x080001c8   0x00000000   Code   RO         4076    .ARM.Collect$$rtentry$$00000000  c_w.l(__rtentry.o)
    0x080001c8   0x080001c8   0x00000000   Code   RO         4098    .ARM.Collect$$rtentry$$00000002  c_w.l(__rtentry2.o)
    0x080001c8   0x080001c8   0x00000006   Code   RO         4110    .ARM.Collect$$rtentry$$00000004  c_w.l(__rtentry4.o)
    0x080001ce   0x080001ce   0x00000000   Code   RO         4100    .ARM.Collect$$rtentry$$00000009  c_w.l(__rtentry2.o)
    0x080001ce   0x080001ce   0x00000004   Code   RO         4101    .ARM.Collect$$rtentry$$0000000A  c_w.l(__rtentry2.o)
    0x080001d2   0x080001d2   0x00000000   Code   RO         4103    .ARM.Collect$$rtentry$$0000000C  c_w.l(__rtentry2.o)
    0x080001d2   0x080001d2   0x00000008   Code   RO         4104    .ARM.Collect$$rtentry$$0000000D  c_w.l(__rtentry2.o)
    0x080001da   0x080001da   0x00000002   Code   RO         4219    .ARM.Collect$$rtexit$$00000000  c_w.l(rtexit.o)
    0x080001dc   0x080001dc   0x00000000   Code   RO         4226    .ARM.Collect$$rtexit$$00000002  c_w.l(rtexit2.o)
    0x080001dc   0x080001dc   0x00000004   Code   RO         4227    .ARM.Collect$$rtexit$$00000003  c_w.l(rtexit2.o)
    0x080001e0   0x080001e0   0x00000006   Code   RO         4228    .ARM.Collect$$rtexit$$00000004  c_w.l(rtexit2.o)
    0x080001e6   0x080001e6   0x00000002   PAD
    0x080001e8   0x080001e8   0x00000040   Code   RO            4    .text               startup_stm32f10x_md.o
    0x08000228   0x08000228   0x00000002   Code   RO         4011    .text               c_w.l(use_no_semi_2.o)
    0x0800022a   0x0800022a   0x00000002   PAD
    0x0800022c   0x0800022c   0x00000018   Code   RO         4017    .text               c_w.l(noretval__2printf.o)
    0x08000244   0x08000244   0x00000028   Code   RO         4019    .text               c_w.l(noretval__2sprintf.o)
    0x0800026c   0x0800026c   0x00000078   Code   RO         4023    .text               c_w.l(_printf_dec.o)
    0x080002e4   0x080002e4   0x0000010e   Code   RO         4033    .text               c_w.l(__printf_wp.o)
    0x080003f2   0x080003f2   0x00000014   Code   RO         4048    .text               c_w.l(strchr.o)
    0x08000406   0x08000406   0x00000024   Code   RO         4050    .text               c_w.l(strstr.o)
    0x0800042a   0x0800042a   0x00000006   Code   RO         4052    .text               c_w.l(heapauxi.o)
    0x08000430   0x08000430   0x00000002   Code   RO         4074    .text               c_w.l(use_no_semi.o)
    0x08000432   0x08000432   0x000000b2   Code   RO         4077    .text               c_w.l(_printf_intcommon.o)
    0x080004e4   0x080004e4   0x0000041e   Code   RO         4079    .text               c_w.l(_printf_fp_dec.o)
    0x08000902   0x08000902   0x00000002   PAD
    0x08000904   0x08000904   0x00000030   Code   RO         4081    .text               c_w.l(_printf_char_common.o)
    0x08000934   0x08000934   0x0000000a   Code   RO         4083    .text               c_w.l(_sputc.o)
    0x0800093e   0x0800093e   0x00000002   PAD
    0x08000940   0x08000940   0x00000024   Code   RO         4085    .text               c_w.l(_printf_char_file.o)
    0x08000964   0x08000964   0x00000008   Code   RO         4115    .text               c_w.l(rt_locale_intlibspace.o)
    0x0800096c   0x0800096c   0x0000008a   Code   RO         4117    .text               c_w.l(lludiv10.o)
    0x080009f6   0x080009f6   0x00000002   PAD
    0x080009f8   0x080009f8   0x00000080   Code   RO         4119    .text               c_w.l(_printf_fp_infnan.o)
    0x08000a78   0x08000a78   0x000000e4   Code   RO         4123    .text               c_w.l(bigflt0.o)
    0x08000b5c   0x08000b5c   0x00000008   Code   RO         4148    .text               c_w.l(ferror.o)
    0x08000b64   0x08000b64   0x00000008   Code   RO         4159    .text               c_w.l(libspace.o)
    0x08000b6c   0x08000b6c   0x0000004a   Code   RO         4162    .text               c_w.l(sys_stackheap_outer.o)
    0x08000bb6   0x08000bb6   0x00000012   Code   RO         4164    .text               c_w.l(exit.o)
    0x08000bc8   0x08000bc8   0x00000080   Code   RO         4166    .text               c_w.l(strcmpv7m.o)
    0x08000c48   0x08000c48   0x0000003e   Code   RO         4126    CL$$btod_d2e        c_w.l(btod.o)
    0x08000c86   0x08000c86   0x00000046   Code   RO         4128    CL$$btod_d2e_denorm_low  c_w.l(btod.o)
    0x08000ccc   0x08000ccc   0x00000060   Code   RO         4127    CL$$btod_d2e_norm_op1  c_w.l(btod.o)
    0x08000d2c   0x08000d2c   0x00000338   Code   RO         4136    CL$$btod_div_common  c_w.l(btod.o)
    0x08001064   0x08001064   0x000000dc   Code   RO         4133    CL$$btod_e2e        c_w.l(btod.o)
    0x08001140   0x08001140   0x0000002a   Code   RO         4130    CL$$btod_ediv       c_w.l(btod.o)
    0x0800116a   0x0800116a   0x0000002a   Code   RO         4129    CL$$btod_emul       c_w.l(btod.o)
    0x08001194   0x08001194   0x00000244   Code   RO         4135    CL$$btod_mult_common  c_w.l(btod.o)
    0x080013d8   0x080013d8   0x00000016   Code   RO          202    i.ADC_Cmd           stm32f10x_adc.o
    0x080013ee   0x080013ee   0x00000002   PAD
    0x080013f0   0x080013f0   0x0000005c   Code   RO          204    i.ADC_DeInit        stm32f10x_adc.o
    0x0800144c   0x0800144c   0x00000014   Code   RO          210    i.ADC_GetCalibrationStatus  stm32f10x_adc.o
    0x08001460   0x08001460   0x00000008   Code   RO          211    i.ADC_GetConversionValue  stm32f10x_adc.o
    0x08001468   0x08001468   0x00000012   Code   RO          213    i.ADC_GetFlagStatus  stm32f10x_adc.o
    0x0800147a   0x0800147a   0x00000014   Code   RO          216    i.ADC_GetResetCalibrationStatus  stm32f10x_adc.o
    0x0800148e   0x0800148e   0x00000002   PAD
    0x08001490   0x08001490   0x00000050   Code   RO          220    i.ADC_Init          stm32f10x_adc.o
    0x080014e0   0x080014e0   0x000000b8   Code   RO          224    i.ADC_RegularChannelConfig  stm32f10x_adc.o
    0x08001598   0x08001598   0x0000000a   Code   RO          225    i.ADC_ResetCalibration  stm32f10x_adc.o
    0x080015a2   0x080015a2   0x00000016   Code   RO          227    i.ADC_SoftwareStartConvCmd  stm32f10x_adc.o
    0x080015b8   0x080015b8   0x0000000a   Code   RO          229    i.ADC_StartCalibration  stm32f10x_adc.o
    0x080015c2   0x080015c2   0x00000002   PAD
    0x080015c4   0x080015c4   0x000000a0   Code   RO         3940    i.Adc_Init          adc.o
    0x08001664   0x08001664   0x00000026   Code   RO         3661    i.BCD_DEC           ds1302.o
    0x0800168a   0x0800168a   0x00000004   Code   RO         3196    i.BusFault_Handler  stm32f10x_it.o
    0x0800168e   0x0800168e   0x00000002   PAD
    0x08001690   0x08001690   0x00000024   Code   RO         3259    i.Clear_Buffer      main.o
    0x080016b4   0x080016b4   0x0000001c   Code   RO         3662    i.DEC_BCD           ds1302.o
    0x080016d0   0x080016d0   0x00000040   Code   RO         3663    i.DS1302_Burst_Read  ds1302.o
    0x08001710   0x08001710   0x00000040   Code   RO         3664    i.DS1302_Burst_Write  ds1302.o
    0x08001750   0x08001750   0x0000000c   Code   RO         3665    i.DS1302_Clear_WP   ds1302.o
    0x0800175c   0x0800175c   0x0000006c   Code   RO         3666    i.DS1302_R_Byte     ds1302.o
    0x080017c8   0x080017c8   0x00000064   Code   RO         3667    i.DS1302_R_DAT      ds1302.o
    0x0800182c   0x0800182c   0x00000020   Code   RO         3668    i.DS1302_Set_WP     ds1302.o
    0x0800184c   0x0800184c   0x00000074   Code   RO         3669    i.DS1302_W_Byte     ds1302.o
    0x080018c0   0x080018c0   0x00000044   Code   RO         3670    i.DS1302_W_DAT      ds1302.o
    0x08001904   0x08001904   0x00000002   Code   RO         3197    i.DebugMon_Handler  stm32f10x_it.o
    0x08001906   0x08001906   0x0000001a   Code   RO         3905    i.DelayS            delay.o
    0x08001920   0x08001920   0x00000018   Code   RO         3450    i.GB16_NUM          oled_iic.o
    0x08001938   0x08001938   0x00000116   Code   RO         1347    i.GPIO_Init         stm32f10x_gpio.o
    0x08001a4e   0x08001a4e   0x00000012   Code   RO         1351    i.GPIO_ReadInputDataBit  stm32f10x_gpio.o
    0x08001a60   0x08001a60   0x00000004   Code   RO         1354    i.GPIO_ResetBits    stm32f10x_gpio.o
    0x08001a64   0x08001a64   0x00000004   Code   RO         1355    i.GPIO_SetBits      stm32f10x_gpio.o
    0x08001a68   0x08001a68   0x0000006c   Code   RO         3806    i.GetPower          ina226.o
    0x08001ad4   0x08001ad4   0x0000003a   Code   RO         3671    i.GetRealTime       ds1302.o
    0x08001b0e   0x08001b0e   0x00000002   PAD
    0x08001b10   0x08001b10   0x00000044   Code   RO         3807    i.GetVoltage        ina226.o
    0x08001b54   0x08001b54   0x00000034   Code   RO         3941    i.Get_Adc           adc.o
    0x08001b88   0x08001b88   0x00000040   Code   RO         3808    i.Get_Shunt_Current  ina226.o
    0x08001bc8   0x08001bc8   0x00000020   Code   RO         3809    i.Get_Shunt_voltage  ina226.o
    0x08001be8   0x08001be8   0x00000004   Code   RO         3198    i.HardFault_Handler  stm32f10x_it.o
    0x08001bec   0x08001bec   0x00000050   Code   RO         3749    i.IIC_Ack_226       myiic.o
    0x08001c3c   0x08001c3c   0x0000000e   Code   RO         3451    i.IIC_Delay         oled_iic.o
    0x08001c4a   0x08001c4a   0x00000002   PAD
    0x08001c4c   0x08001c4c   0x0000003c   Code   RO         3452    i.IIC_GPIO_Config   oled_iic.o
    0x08001c88   0x08001c88   0x00000038   Code   RO         3750    i.IIC_Init_226      myiic.o
    0x08001cc0   0x08001cc0   0x00000050   Code   RO         3751    i.IIC_NAck_226      myiic.o
    0x08001d10   0x08001d10   0x00000070   Code   RO         3752    i.IIC_Read_Byte_226  myiic.o
    0x08001d80   0x08001d80   0x00000068   Code   RO         3753    i.IIC_Send_Byte_226  myiic.o
    0x08001de8   0x08001de8   0x00000034   Code   RO         3453    i.IIC_Start         oled_iic.o
    0x08001e1c   0x08001e1c   0x0000004c   Code   RO         3754    i.IIC_Start_226     myiic.o
    0x08001e68   0x08001e68   0x00000024   Code   RO         3454    i.IIC_Stop          oled_iic.o
    0x08001e8c   0x08001e8c   0x0000004c   Code   RO         3755    i.IIC_Stop_226      myiic.o
    0x08001ed8   0x08001ed8   0x00000044   Code   RO         3455    i.IIC_WaitAck       oled_iic.o
    0x08001f1c   0x08001f1c   0x00000064   Code   RO         3756    i.IIC_Wait_Ack_226  myiic.o
    0x08001f80   0x08001f80   0x00000026   Code   RO         3811    i.INA226_GetShuntVoltage  ina226.o
    0x08001fa6   0x08001fa6   0x00000026   Code   RO         3812    i.INA226_GetShunt_Current  ina226.o
    0x08001fcc   0x08001fcc   0x0000001a   Code   RO         3813    i.INA226_GetVoltage  ina226.o
    0x08001fe6   0x08001fe6   0x00000026   Code   RO         3816    i.INA226_Init       ina226.o
    0x0800200c   0x0800200c   0x00000036   Code   RO         3817    i.INA226_ReadData   ina226.o
    0x08002042   0x08002042   0x00000044   Code   RO         3818    i.INA226_SendData   ina226.o
    0x08002086   0x08002086   0x00000024   Code   RO         3819    i.INA226_SetRegPointer  ina226.o
    0x080020aa   0x080020aa   0x00000002   PAD
    0x080020ac   0x080020ac   0x00000050   Code   RO         3672    i.Init_DS1302       ds1302.o
    0x080020fc   0x080020fc   0x0000003c   Code   RO         3994    i.Key_Init          key.o
    0x08002138   0x08002138   0x00000268   Code   RO         3260    i.Key_settime       main.o
    0x080023a0   0x080023a0   0x00000038   Code   RO         3261    i.LED_Init          main.o
    0x080023d8   0x080023d8   0x00000038   Code   RO         3943    i.Lsens_Get_Val     adc.o
    0x08002410   0x08002410   0x00000038   Code   RO         3944    i.Lsens_Get_Val2    adc.o
    0x08002448   0x08002448   0x0000019c   Code   RO         3262    i.M5310A_Init       main.o
    0x080025e4   0x080025e4   0x00000004   Code   RO         3199    i.MemManage_Handler  stm32f10x_it.o
    0x080025e8   0x080025e8   0x00000002   Code   RO         3200    i.NMI_Handler       stm32f10x_it.o
    0x080025ea   0x080025ea   0x00000002   PAD
    0x080025ec   0x080025ec   0x00000070   Code   RO          137    i.NVIC_Init         misc.o
    0x0800265c   0x0800265c   0x00000014   Code   RO          138    i.NVIC_PriorityGroupConfig  misc.o
    0x08002670   0x08002670   0x0000000a   Code   RO         3456    i.OLED_Clear        oled_iic.o
    0x0800267a   0x0800267a   0x0000003a   Code   RO         3458    i.OLED_Fill         oled_iic.o
    0x080026b4   0x080026b4   0x000000aa   Code   RO         3459    i.OLED_Init         oled_iic.o
    0x0800275e   0x0800275e   0x00000028   Code   RO         3462    i.OLED_Set_Pos      oled_iic.o
    0x08002786   0x08002786   0x00000002   PAD
    0x08002788   0x08002788   0x00000130   Code   RO         3463    i.OLED_ShowCH       oled_iic.o
    0x080028b8   0x080028b8   0x0000006c   Code   RO         3464    i.OLED_ShowChar     oled_iic.o
    0x08002924   0x08002924   0x000000c8   Code   RO         3465    i.OLED_ShowNum      oled_iic.o
    0x080029ec   0x080029ec   0x0000007c   Code   RO         3466    i.OLED_ShowNum_c    oled_iic.o
    0x08002a68   0x08002a68   0x00000028   Code   RO         3467    i.OLED_clear_h      oled_iic.o
    0x08002a90   0x08002a90   0x00000002   Code   RO         3201    i.PendSV_Handler    stm32f10x_it.o
    0x08002a92   0x08002a92   0x00000002   PAD
    0x08002a94   0x08002a94   0x00000100   Code   RO         3263    i.Post_data         main.o
    0x08002b94   0x08002b94   0x00000018   Code   RO         1773    i.RCC_ADCCLKConfig  stm32f10x_rcc.o
    0x08002bac   0x08002bac   0x00000020   Code   RO         1775    i.RCC_APB1PeriphClockCmd  stm32f10x_rcc.o
    0x08002bcc   0x08002bcc   0x00000020   Code   RO         1777    i.RCC_APB2PeriphClockCmd  stm32f10x_rcc.o
    0x08002bec   0x08002bec   0x00000020   Code   RO         1778    i.RCC_APB2PeriphResetCmd  stm32f10x_rcc.o
    0x08002c0c   0x08002c0c   0x000000d4   Code   RO         1785    i.RCC_GetClocksFreq  stm32f10x_rcc.o
    0x08002ce0   0x08002ce0   0x00000002   Code   RO         3202    i.SVC_Handler       stm32f10x_it.o
    0x08002ce2   0x08002ce2   0x0000003c   Code   RO         3673    i.SetRealTime       ds1302.o
    0x08002d1e   0x08002d1e   0x00000008   Code   RO           24    i.SetSysClock       system_stm32f10x.o
    0x08002d26   0x08002d26   0x00000002   PAD
    0x08002d28   0x08002d28   0x000000e0   Code   RO           25    i.SetSysClockTo72   system_stm32f10x.o
    0x08002e08   0x08002e08   0x000001cc   Code   RO         3264    i.Set_parameters    main.o
    0x08002fd4   0x08002fd4   0x00000028   Code   RO          141    i.SysTick_CLKSourceConfig  misc.o
    0x08002ffc   0x08002ffc   0x00000002   Code   RO         3203    i.SysTick_Handler   stm32f10x_it.o
    0x08002ffe   0x08002ffe   0x00000002   PAD
    0x08003000   0x08003000   0x00000060   Code   RO           27    i.SystemInit        system_stm32f10x.o
    0x08003060   0x08003060   0x00000094   Code   RO         3643    i.TIM3_PWM_Init     timer.o
    0x080030f4   0x080030f4   0x00000018   Code   RO         2409    i.TIM_ARRPreloadConfig  stm32f10x_tim.o
    0x0800310c   0x0800310c   0x00000018   Code   RO         2421    i.TIM_Cmd           stm32f10x_tim.o
    0x08003124   0x08003124   0x00000098   Code   RO         2450    i.TIM_OC1Init       stm32f10x_tim.o
    0x080031bc   0x080031bc   0x00000012   Code   RO         2453    i.TIM_OC1PreloadConfig  stm32f10x_tim.o
    0x080031ce   0x080031ce   0x00000004   Code   RO         2482    i.TIM_SetCompare1   stm32f10x_tim.o
    0x080031d2   0x080031d2   0x00000002   PAD
    0x080031d4   0x080031d4   0x000000a4   Code   RO         2492    i.TIM_TimeBaseInit  stm32f10x_tim.o
    0x08003278   0x08003278   0x000000c4   Code   RO         3602    i.USART1_IRQHandler  usart2.o
    0x0800333c   0x0800333c   0x00000018   Code   RO         2960    i.USART_Cmd         stm32f10x_usart.o
    0x08003354   0x08003354   0x00000054   Code   RO         2964    i.USART_GetITStatus  stm32f10x_usart.o
    0x080033a8   0x080033a8   0x0000004a   Code   RO         2966    i.USART_ITConfig    stm32f10x_usart.o
    0x080033f2   0x080033f2   0x00000002   PAD
    0x080033f4   0x080033f4   0x000000d8   Code   RO         2967    i.USART_Init        stm32f10x_usart.o
    0x080034cc   0x080034cc   0x0000000a   Code   RO         2974    i.USART_ReceiveData  stm32f10x_usart.o
    0x080034d6   0x080034d6   0x00000004   Code   RO         3204    i.UsageFault_Handler  stm32f10x_it.o
    0x080034da   0x080034da   0x00000002   PAD
    0x080034dc   0x080034dc   0x00000058   Code   RO         3468    i.Write_IIC_Byte    oled_iic.o
    0x08003534   0x08003534   0x0000002c   Code   RO         3469    i.Write_IIC_Command  oled_iic.o
    0x08003560   0x08003560   0x0000002c   Code   RO         3470    i.Write_IIC_Data    oled_iic.o
    0x0800358c   0x0800358c   0x00000028   Code   RO         4157    i.__ARM_fpclassify  m_ws.l(fpclassify.o)
    0x080035b4   0x080035b4   0x0000000e   Code   RO         4035    i._is_digit         c_w.l(__printf_wp.o)
    0x080035c2   0x080035c2   0x00000004   Code   RO         3603    i._sys_exit         usart2.o
    0x080035c6   0x080035c6   0x00000002   PAD
    0x080035c8   0x080035c8   0x00000044   Code   RO         3906    i.delay_init        delay.o
    0x0800360c   0x0800360c   0x0000004c   Code   RO         3907    i.delay_ms          delay.o
    0x08003658   0x08003658   0x0000004c   Code   RO         3908    i.delay_us          delay.o
    0x080036a4   0x080036a4   0x000000c0   Code   RO         3265    i.display_Set_parameters  main.o
    0x08003764   0x08003764   0x0000001c   Code   RO         3604    i.fputc             usart2.o
    0x08003780   0x08003780   0x00000618   Code   RO         3266    i.main              main.o
    0x08003d98   0x08003d98   0x000000f8   Code   RO         3267    i.network_init      main.o
    0x08003e90   0x08003e90   0x00000016   Code   RO         3471    i.oled_pow          oled_iic.o
    0x08003ea6   0x08003ea6   0x00000002   PAD
    0x08003ea8   0x08003ea8   0x000000a0   Code   RO         3605    i.uart1_init        usart2.o
    0x08003f48   0x08003f48   0x0000002c   Code   RO         4153    locale$$code        c_w.l(lc_numeric_c.o)
    0x08003f74   0x08003f74   0x0000000c   Code   RO         4088    x$fpl$dretinf       fz_ws.l(dretinf.o)
    0x08003f80   0x08003f80   0x00000056   Code   RO         4056    x$fpl$f2d           fz_ws.l(f2d.o)
    0x08003fd6   0x08003fd6   0x00000018   Code   RO         4090    x$fpl$fcmpinf       fz_ws.l(fcmpi.o)
    0x08003fee   0x08003fee   0x00000002   PAD
    0x08003ff0   0x08003ff0   0x00000184   Code   RO         4059    x$fpl$fdiv          fz_ws.l(fdiv.o)
    0x08004174   0x08004174   0x00000026   Code   RO         4062    x$fpl$ffltu         fz_ws.l(fflt_clz.o)
    0x0800419a   0x0800419a   0x00000002   PAD
    0x0800419c   0x0800419c   0x00000068   Code   RO         4068    x$fpl$fleqf         fz_ws.l(fleqf.o)
    0x08004204   0x08004204   0x00000102   Code   RO         4070    x$fpl$fmul          fz_ws.l(fmul.o)
    0x08004306   0x08004306   0x0000008c   Code   RO         4092    x$fpl$fnaninf       fz_ws.l(fnaninf.o)
    0x08004392   0x08004392   0x0000000a   Code   RO         4094    x$fpl$fretinf       fz_ws.l(fretinf.o)
    0x0800439c   0x0800439c   0x00000004   Code   RO         4072    x$fpl$printf1       fz_ws.l(printf1.o)
    0x080043a0   0x080043a0   0x00000000   Code   RO         4096    x$fpl$usenofp       fz_ws.l(usenofp.o)
    0x080043a0   0x080043a0   0x00000008   Data   RO         3674    .constdata          ds1302.o
    0x080043a8   0x080043a8   0x00000094   Data   RO         4124    .constdata          c_w.l(bigflt0.o)
    0x0800443c   0x0800443c   0x00000020   Data   RO         4294    Region$$Table       anon$$obj.o
    0x0800445c   0x0800445c   0x0000001c   Data   RO         4152    locale$$data        c_w.l(lc_numeric_c.o)


    Execution Region RW_IRAM1 (Exec base: 0x20000000, Load base: 0x08004478, Size: 0x00001748, Max: 0x00002800, ABSOLUTE, COMPRESSED[0x00000a58])

    Exec Addr    Load Addr    Size         Type   Attr      Idx    E Section Name        Object

    0x20000000   COMPRESSED   0x00000014   Data   RW           28    .data               system_stm32f10x.o
    0x20000014   COMPRESSED   0x00000014   Data   RW         1805    .data               stm32f10x_rcc.o
    0x20000028   COMPRESSED   0x00000041   Data   RW         3269    .data               main.o
    0x20000069   COMPRESSED   0x00000003   PAD
    0x2000006c   COMPRESSED   0x00000e50   Data   RW         3472    .data               oled_iic.o
    0x20000ebc   COMPRESSED   0x00000009   Data   RW         3607    .data               usart2.o
    0x20000ec5   COMPRESSED   0x00000001   PAD
    0x20000ec6   COMPRESSED   0x00000004   Data   RW         3909    .data               delay.o
    0x20000eca   COMPRESSED   0x00000002   PAD
    0x20000ecc        -       0x00000014   Zero   RW         3268    .bss                main.o
    0x20000ee0        -       0x000001f4   Zero   RW         3606    .bss                usart2.o
    0x200010d4        -       0x00000014   Zero   RW         3820    .bss                ina226.o
    0x200010e8        -       0x00000060   Zero   RW         4160    .bss                c_w.l(libspace.o)
    0x20001148        -       0x00000200   Zero   RW            2    HEAP                startup_stm32f10x_md.o
    0x20001348        -       0x00000400   Zero   RW            1    STACK               startup_stm32f10x_md.o


==============================================================================

Image component sizes


      Code (inc. data)   RO Data    RW Data    ZI Data      Debug   Object Name

       324         14          0          0          0       2306   adc.o
         0          0          0          0          0       4508   core_cm3.o
       246         26          0          4          0       2352   delay.o
       828         82          8          0          0       8359   ds1302.o
       570         38          0          0         20       7250   ina226.o
        60          6          0          0          0        511   key.o
      3836        872          0         65         20     218117   main.o
       172         22          0          0          0     213885   misc.o
       684        102          0          0          0       4394   myiic.o
      1506         84          0       3664          0      12605   oled_iic.o
        64         26        236          0       1536        828   startup_stm32f10x_md.o
       486         24          0          0          0      19146   stm32f10x_adc.o
       304          0          0          0          0      11928   stm32f10x_gpio.o
        26          0          0          0          0       3946   stm32f10x_it.o
       332         44          0         20          0      14210   stm32f10x_rcc.o
       386         62          0          0          0      24391   stm32f10x_tim.o
       408          6          0          0          0      10938   stm32f10x_usart.o
       328         28          0         20          0      45705   system_stm32f10x.o
       148         10          0          0          0        748   timer.o
       388         38          0          9        500       4378   usart2.o

    ----------------------------------------------------------------------
     11130       1484        276       3788       2076     610505   Object Totals
         0          0         32          0          0          0   (incl. Generated)
        34          0          0          6          0          0   (incl. Padding)

    ----------------------------------------------------------------------

      Code (inc. data)   RO Data    RW Data    ZI Data      Debug   Library Member Name

        90          0          0          0          0          0   __dczerorl2.o
         8          0          0          0          0         68   __main.o
       284          0          0          0          0        156   __printf_wp.o
         0          0          0          0          0          0   __rtentry.o
        12          0          0          0          0          0   __rtentry2.o
         6          0          0          0          0          0   __rtentry4.o
        52          8          0          0          0          0   __scatter.o
        28          0          0          0          0          0   __scatter_zi.o
        48          6          0          0          0         96   _printf_char_common.o
        36          4          0          0          0         80   _printf_char_file.o
         6          0          0          0          0          0   _printf_d.o
       120         16          0          0          0         92   _printf_dec.o
         6          0          0          0          0          0   _printf_f.o
      1054          0          0          0          0        216   _printf_fp_dec.o
       128         16          0          0          0         84   _printf_fp_infnan.o
       178          0          0          0          0         88   _printf_intcommon.o
         0          0          0          0          0          0   _printf_percent.o
         4          0          0          0          0          0   _printf_percent_end.o
        10          0          0          0          0         68   _sputc.o
       228          4        148          0          0         96   bigflt0.o
      1936        128          0          0          0        672   btod.o
        18          0          0          0          0         80   exit.o
         8          0          0          0          0         68   ferror.o
         6          0          0          0          0        152   heapauxi.o
        44         10         28          0          0         76   lc_numeric_c.o
         2          0          0          0          0          0   libinit.o
        18          0          0          0          0          0   libinit2.o
         2          0          0          0          0          0   libshutdown.o
         2          0          0          0          0          0   libshutdown2.o
         8          4          0          0         96         68   libspace.o
       138          0          0          0          0         80   lludiv10.o
        24          4          0          0          0         84   noretval__2printf.o
        40          6          0          0          0         84   noretval__2sprintf.o
         8          4          0          0          0         68   rt_locale_intlibspace.o
         2          0          0          0          0          0   rtexit.o
        10          0          0          0          0          0   rtexit2.o
        20          0          0          0          0         68   strchr.o
       128          0          0          0          0         68   strcmpv7m.o
        36          0          0          0          0         80   strstr.o
        74          0          0          0          0         80   sys_stackheap_outer.o
         2          0          0          0          0         68   use_no_semi.o
         2          0          0          0          0         68   use_no_semi_2.o
        12          0          0          0          0         68   dretinf.o
        86          4          0          0          0         84   f2d.o
        24          0          0          0          0         68   fcmpi.o
       388         76          0          0          0         96   fdiv.o
        38          0          0          0          0         68   fflt_clz.o
       104          4          0          0          0         84   fleqf.o
       258          4          0          0          0         84   fmul.o
       140          4          0          0          0         84   fnaninf.o
        10          0          0          0          0         68   fretinf.o
         4          0          0          0          0         68   printf1.o
         0          0          0          0          0          0   usenofp.o
        40          0          0          0          0         68   fpclassify.o

    ----------------------------------------------------------------------
      5946        302        176          0         96       3748   Library Totals
        16          0          0          0          0          0   (incl. Padding)

    ----------------------------------------------------------------------

      Code (inc. data)   RO Data    RW Data    ZI Data      Debug   Library Name

      4826        210        176          0         96       2908   c_w.l
      1064         92          0          0          0        772   fz_ws.l
        40          0          0          0          0         68   m_ws.l

    ----------------------------------------------------------------------
      5946        302        176          0         96       3748   Library Totals

    ----------------------------------------------------------------------

==============================================================================


      Code (inc. data)   RO Data    RW Data    ZI Data      Debug   

     17076       1786        452       3788       2172     606085   Grand Totals
     17076       1786        452       2648       2172     606085   ELF Image Totals (compressed)
     17076       1786        452       2648          0          0   ROM Totals

==============================================================================

    Total RO  Size (Code + RO Data)                17528 (  17.12kB)
    Total RW  Size (RW Data + ZI Data)              5960 (   5.82kB)
    Total ROM Size (Code + RO Data + RW Data)      20176 (  19.70kB)

==============================================================================

